Archive member included because of file (symbol)

/home/rajeshwar/code/stm32/gcc/bin/../lib/gcc/arm-none-eabi/4.8.4/../../../../arm-none-eabi/lib/armv7e-m/libc.a(lib_a-exit.o)
                              /home/rajeshwar/code/stm32/gcc/bin/../lib/gcc/arm-none-eabi/4.8.4/../../../../arm-none-eabi/lib/armv7e-m/rdimon-crt0.o (exit)
/home/rajeshwar/code/stm32/gcc/bin/../lib/gcc/arm-none-eabi/4.8.4/../../../../arm-none-eabi/lib/armv7e-m/libc.a(lib_a-impure.o)
                              /home/rajeshwar/code/stm32/gcc/bin/../lib/gcc/arm-none-eabi/4.8.4/../../../../arm-none-eabi/lib/armv7e-m/libc.a(lib_a-exit.o) (_global_impure_ptr)
/home/rajeshwar/code/stm32/gcc/bin/../lib/gcc/arm-none-eabi/4.8.4/../../../../arm-none-eabi/lib/armv7e-m/libc.a(lib_a-init.o)
                              /home/rajeshwar/code/stm32/gcc/bin/../lib/gcc/arm-none-eabi/4.8.4/../../../../arm-none-eabi/lib/armv7e-m/rdimon-crt0.o (__libc_init_array)
/home/rajeshwar/code/stm32/gcc/bin/../lib/gcc/arm-none-eabi/4.8.4/../../../../arm-none-eabi/lib/armv7e-m/libc.a(lib_a-memset.o)
                              /home/rajeshwar/code/stm32/gcc/bin/../lib/gcc/arm-none-eabi/4.8.4/../../../../arm-none-eabi/lib/armv7e-m/rdimon-crt0.o (memset)
/home/rajeshwar/code/stm32/gcc/bin/../lib/gcc/arm-none-eabi/4.8.4/../../../../arm-none-eabi/lib/armv7e-m/libc.a(lib_a-puts.o)
                              main.o (puts)
/home/rajeshwar/code/stm32/gcc/bin/../lib/gcc/arm-none-eabi/4.8.4/../../../../arm-none-eabi/lib/armv7e-m/libc.a(lib_a-strlen.o)
                              /home/rajeshwar/code/stm32/gcc/bin/../lib/gcc/arm-none-eabi/4.8.4/../../../../arm-none-eabi/lib/armv7e-m/libc.a(lib_a-puts.o) (strlen)
/home/rajeshwar/code/stm32/gcc/bin/../lib/gcc/arm-none-eabi/4.8.4/../../../../arm-none-eabi/lib/armv7e-m/libc.a(lib_a-__call_atexit.o)
                              /home/rajeshwar/code/stm32/gcc/bin/../lib/gcc/arm-none-eabi/4.8.4/../../../../arm-none-eabi/lib/armv7e-m/libc.a(lib_a-exit.o) (__call_exitprocs)
/home/rajeshwar/code/stm32/gcc/bin/../lib/gcc/arm-none-eabi/4.8.4/../../../../arm-none-eabi/lib/armv7e-m/libc.a(lib_a-atexit.o)
                              /home/rajeshwar/code/stm32/gcc/bin/../lib/gcc/arm-none-eabi/4.8.4/../../../../arm-none-eabi/lib/armv7e-m/libc.a(lib_a-__call_atexit.o) (atexit)
/home/rajeshwar/code/stm32/gcc/bin/../lib/gcc/arm-none-eabi/4.8.4/../../../../arm-none-eabi/lib/armv7e-m/libc.a(lib_a-fini.o)
                              /home/rajeshwar/code/stm32/gcc/bin/../lib/gcc/arm-none-eabi/4.8.4/../../../../arm-none-eabi/lib/armv7e-m/libc.a(lib_a-__call_atexit.o) (__libc_fini_array)
/home/rajeshwar/code/stm32/gcc/bin/../lib/gcc/arm-none-eabi/4.8.4/../../../../arm-none-eabi/lib/armv7e-m/libc.a(lib_a-fvwrite.o)
                              /home/rajeshwar/code/stm32/gcc/bin/../lib/gcc/arm-none-eabi/4.8.4/../../../../arm-none-eabi/lib/armv7e-m/libc.a(lib_a-puts.o) (__sfvwrite_r)
/home/rajeshwar/code/stm32/gcc/bin/../lib/gcc/arm-none-eabi/4.8.4/../../../../arm-none-eabi/lib/armv7e-m/libc.a(lib_a-mallocr.o)
                              /home/rajeshwar/code/stm32/gcc/bin/../lib/gcc/arm-none-eabi/4.8.4/../../../../arm-none-eabi/lib/armv7e-m/libc.a(lib_a-fvwrite.o) (_malloc_r)
/home/rajeshwar/code/stm32/gcc/bin/../lib/gcc/arm-none-eabi/4.8.4/../../../../arm-none-eabi/lib/armv7e-m/libc.a(lib_a-memchr-stub.o)
                              /home/rajeshwar/code/stm32/gcc/bin/../lib/gcc/arm-none-eabi/4.8.4/../../../../arm-none-eabi/lib/armv7e-m/libc.a(lib_a-fvwrite.o) (memchr)
/home/rajeshwar/code/stm32/gcc/bin/../lib/gcc/arm-none-eabi/4.8.4/../../../../arm-none-eabi/lib/armv7e-m/libc.a(lib_a-memcpy.o)
                              /home/rajeshwar/code/stm32/gcc/bin/../lib/gcc/arm-none-eabi/4.8.4/../../../../arm-none-eabi/lib/armv7e-m/libc.a(lib_a-fvwrite.o) (memcpy)
/home/rajeshwar/code/stm32/gcc/bin/../lib/gcc/arm-none-eabi/4.8.4/../../../../arm-none-eabi/lib/armv7e-m/libc.a(lib_a-memmove.o)
                              /home/rajeshwar/code/stm32/gcc/bin/../lib/gcc/arm-none-eabi/4.8.4/../../../../arm-none-eabi/lib/armv7e-m/libc.a(lib_a-fvwrite.o) (memmove)
/home/rajeshwar/code/stm32/gcc/bin/../lib/gcc/arm-none-eabi/4.8.4/../../../../arm-none-eabi/lib/armv7e-m/libc.a(lib_a-mlock.o)
                              /home/rajeshwar/code/stm32/gcc/bin/../lib/gcc/arm-none-eabi/4.8.4/../../../../arm-none-eabi/lib/armv7e-m/libc.a(lib_a-mallocr.o) (__malloc_lock)
/home/rajeshwar/code/stm32/gcc/bin/../lib/gcc/arm-none-eabi/4.8.4/../../../../arm-none-eabi/lib/armv7e-m/libc.a(lib_a-reallocr.o)
                              /home/rajeshwar/code/stm32/gcc/bin/../lib/gcc/arm-none-eabi/4.8.4/../../../../arm-none-eabi/lib/armv7e-m/libc.a(lib_a-fvwrite.o) (_realloc_r)
/home/rajeshwar/code/stm32/gcc/bin/../lib/gcc/arm-none-eabi/4.8.4/../../../../arm-none-eabi/lib/armv7e-m/libc.a(lib_a-sbrkr.o)
                              /home/rajeshwar/code/stm32/gcc/bin/../lib/gcc/arm-none-eabi/4.8.4/../../../../arm-none-eabi/lib/armv7e-m/libc.a(lib_a-mallocr.o) (_sbrk_r)
/home/rajeshwar/code/stm32/gcc/bin/../lib/gcc/arm-none-eabi/4.8.4/../../../../arm-none-eabi/lib/armv7e-m/libc.a(lib_a-wsetup.o)
                              /home/rajeshwar/code/stm32/gcc/bin/../lib/gcc/arm-none-eabi/4.8.4/../../../../arm-none-eabi/lib/armv7e-m/libc.a(lib_a-fvwrite.o) (__swsetup_r)
/home/rajeshwar/code/stm32/gcc/bin/../lib/gcc/arm-none-eabi/4.8.4/../../../../arm-none-eabi/lib/armv7e-m/libc.a(lib_a-__atexit.o)
                              /home/rajeshwar/code/stm32/gcc/bin/../lib/gcc/arm-none-eabi/4.8.4/../../../../arm-none-eabi/lib/armv7e-m/libc.a(lib_a-atexit.o) (__register_exitproc)
/home/rajeshwar/code/stm32/gcc/bin/../lib/gcc/arm-none-eabi/4.8.4/../../../../arm-none-eabi/lib/armv7e-m/libc.a(lib_a-fflush.o)
                              /home/rajeshwar/code/stm32/gcc/bin/../lib/gcc/arm-none-eabi/4.8.4/../../../../arm-none-eabi/lib/armv7e-m/libc.a(lib_a-fvwrite.o) (_fflush_r)
/home/rajeshwar/code/stm32/gcc/bin/../lib/gcc/arm-none-eabi/4.8.4/../../../../arm-none-eabi/lib/armv7e-m/libc.a(lib_a-findfp.o)
                              /home/rajeshwar/code/stm32/gcc/bin/../lib/gcc/arm-none-eabi/4.8.4/../../../../arm-none-eabi/lib/armv7e-m/libc.a(lib_a-wsetup.o) (__sinit)
/home/rajeshwar/code/stm32/gcc/bin/../lib/gcc/arm-none-eabi/4.8.4/../../../../arm-none-eabi/lib/armv7e-m/libc.a(lib_a-freer.o)
                              /home/rajeshwar/code/stm32/gcc/bin/../lib/gcc/arm-none-eabi/4.8.4/../../../../arm-none-eabi/lib/armv7e-m/libc.a(lib_a-fvwrite.o) (_free_r)
/home/rajeshwar/code/stm32/gcc/bin/../lib/gcc/arm-none-eabi/4.8.4/../../../../arm-none-eabi/lib/armv7e-m/libc.a(lib_a-fwalk.o)
                              /home/rajeshwar/code/stm32/gcc/bin/../lib/gcc/arm-none-eabi/4.8.4/../../../../arm-none-eabi/lib/armv7e-m/libc.a(lib_a-findfp.o) (_fwalk)
/home/rajeshwar/code/stm32/gcc/bin/../lib/gcc/arm-none-eabi/4.8.4/../../../../arm-none-eabi/lib/armv7e-m/libc.a(lib_a-makebuf.o)
                              /home/rajeshwar/code/stm32/gcc/bin/../lib/gcc/arm-none-eabi/4.8.4/../../../../arm-none-eabi/lib/armv7e-m/libc.a(lib_a-wsetup.o) (__smakebuf_r)
/home/rajeshwar/code/stm32/gcc/bin/../lib/gcc/arm-none-eabi/4.8.4/../../../../arm-none-eabi/lib/armv7e-m/libc.a(lib_a-reent.o)
                              /home/rajeshwar/code/stm32/gcc/bin/../lib/gcc/arm-none-eabi/4.8.4/../../../../arm-none-eabi/lib/armv7e-m/libc.a(lib_a-sbrkr.o) (errno)
/home/rajeshwar/code/stm32/gcc/bin/../lib/gcc/arm-none-eabi/4.8.4/../../../../arm-none-eabi/lib/armv7e-m/libc.a(lib_a-stdio.o)
                              /home/rajeshwar/code/stm32/gcc/bin/../lib/gcc/arm-none-eabi/4.8.4/../../../../arm-none-eabi/lib/armv7e-m/libc.a(lib_a-findfp.o) (__sread)
/home/rajeshwar/code/stm32/gcc/bin/../lib/gcc/arm-none-eabi/4.8.4/../../../../arm-none-eabi/lib/armv7e-m/libc.a(lib_a-writer.o)
                              /home/rajeshwar/code/stm32/gcc/bin/../lib/gcc/arm-none-eabi/4.8.4/../../../../arm-none-eabi/lib/armv7e-m/libc.a(lib_a-stdio.o) (_write_r)
/home/rajeshwar/code/stm32/gcc/bin/../lib/gcc/arm-none-eabi/4.8.4/../../../../arm-none-eabi/lib/armv7e-m/libc.a(lib_a-closer.o)
                              /home/rajeshwar/code/stm32/gcc/bin/../lib/gcc/arm-none-eabi/4.8.4/../../../../arm-none-eabi/lib/armv7e-m/libc.a(lib_a-stdio.o) (_close_r)
/home/rajeshwar/code/stm32/gcc/bin/../lib/gcc/arm-none-eabi/4.8.4/../../../../arm-none-eabi/lib/armv7e-m/libc.a(lib_a-fclose.o)
                              /home/rajeshwar/code/stm32/gcc/bin/../lib/gcc/arm-none-eabi/4.8.4/../../../../arm-none-eabi/lib/armv7e-m/libc.a(lib_a-findfp.o) (fclose)
/home/rajeshwar/code/stm32/gcc/bin/../lib/gcc/arm-none-eabi/4.8.4/../../../../arm-none-eabi/lib/armv7e-m/libc.a(lib_a-fstatr.o)
                              /home/rajeshwar/code/stm32/gcc/bin/../lib/gcc/arm-none-eabi/4.8.4/../../../../arm-none-eabi/lib/armv7e-m/libc.a(lib_a-makebuf.o) (_fstat_r)
/home/rajeshwar/code/stm32/gcc/bin/../lib/gcc/arm-none-eabi/4.8.4/../../../../arm-none-eabi/lib/armv7e-m/libc.a(lib_a-isattyr.o)
                              /home/rajeshwar/code/stm32/gcc/bin/../lib/gcc/arm-none-eabi/4.8.4/../../../../arm-none-eabi/lib/armv7e-m/libc.a(lib_a-makebuf.o) (_isatty_r)
/home/rajeshwar/code/stm32/gcc/bin/../lib/gcc/arm-none-eabi/4.8.4/../../../../arm-none-eabi/lib/armv7e-m/libc.a(lib_a-lseekr.o)
                              /home/rajeshwar/code/stm32/gcc/bin/../lib/gcc/arm-none-eabi/4.8.4/../../../../arm-none-eabi/lib/armv7e-m/libc.a(lib_a-stdio.o) (_lseek_r)
/home/rajeshwar/code/stm32/gcc/bin/../lib/gcc/arm-none-eabi/4.8.4/../../../../arm-none-eabi/lib/armv7e-m/libc.a(lib_a-readr.o)
                              /home/rajeshwar/code/stm32/gcc/bin/../lib/gcc/arm-none-eabi/4.8.4/../../../../arm-none-eabi/lib/armv7e-m/libc.a(lib_a-stdio.o) (_read_r)
/home/rajeshwar/code/stm32/gcc/bin/../lib/gcc/arm-none-eabi/4.8.4/../../../../arm-none-eabi/lib/armv7e-m/librdimon.a(rdimon-syscalls.o)
                              /home/rajeshwar/code/stm32/gcc/bin/../lib/gcc/arm-none-eabi/4.8.4/../../../../arm-none-eabi/lib/armv7e-m/rdimon-crt0.o (initialise_monitor_handles)
/home/rajeshwar/code/stm32/gcc/bin/../lib/gcc/arm-none-eabi/4.8.4/../../../../arm-none-eabi/lib/armv7e-m/librdimon.a(rdimon-_exit.o)
                              /home/rajeshwar/code/stm32/gcc/bin/../lib/gcc/arm-none-eabi/4.8.4/../../../../arm-none-eabi/lib/armv7e-m/libc.a(lib_a-exit.o) (_exit)
/home/rajeshwar/code/stm32/gcc/bin/../lib/gcc/arm-none-eabi/4.8.4/../../../../arm-none-eabi/lib/armv7e-m/librdimon.a(rdimon-_kill.o)
                              /home/rajeshwar/code/stm32/gcc/bin/../lib/gcc/arm-none-eabi/4.8.4/../../../../arm-none-eabi/lib/armv7e-m/librdimon.a(rdimon-_exit.o) (_kill)
/home/rajeshwar/code/stm32/gcc/bin/../lib/gcc/arm-none-eabi/4.8.4/../../../../arm-none-eabi/lib/armv7e-m/libc.a(lib_a-errno.o)
                              /home/rajeshwar/code/stm32/gcc/bin/../lib/gcc/arm-none-eabi/4.8.4/../../../../arm-none-eabi/lib/armv7e-m/librdimon.a(rdimon-syscalls.o) (__errno)

Allocating common symbols
Common symbol       size              file

errno               0x4               /home/rajeshwar/code/stm32/gcc/bin/../lib/gcc/arm-none-eabi/4.8.4/../../../../arm-none-eabi/lib/armv7e-m/libc.a(lib_a-reent.o)

Memory Configuration

Name             Origin             Length             Attributes
FLASH            0x0000000008000000 0x0000000000040000 xr
SRAM             0x0000000020000000 0x0000000000010000 xrw
*default*        0x0000000000000000 0xffffffffffffffff

Linker script and memory map

LOAD /home/rajeshwar/code/stm32/gcc/bin/../lib/gcc/arm-none-eabi/4.8.4/armv7e-m/crti.o
LOAD /home/rajeshwar/code/stm32/gcc/bin/../lib/gcc/arm-none-eabi/4.8.4/armv7e-m/crtbegin.o
LOAD /home/rajeshwar/code/stm32/gcc/bin/../lib/gcc/arm-none-eabi/4.8.4/../../../../arm-none-eabi/lib/armv7e-m/rdimon-crt0.o
LOAD main.o
LOAD led.o
LOAD stm32_startup.o
START GROUP
LOAD /home/rajeshwar/code/stm32/gcc/bin/../lib/gcc/arm-none-eabi/4.8.4/armv7e-m/libgcc.a
LOAD /home/rajeshwar/code/stm32/gcc/bin/../lib/gcc/arm-none-eabi/4.8.4/../../../../arm-none-eabi/lib/armv7e-m/libc.a
END GROUP
START GROUP
LOAD /home/rajeshwar/code/stm32/gcc/bin/../lib/gcc/arm-none-eabi/4.8.4/armv7e-m/libgcc.a
LOAD /home/rajeshwar/code/stm32/gcc/bin/../lib/gcc/arm-none-eabi/4.8.4/../../../../arm-none-eabi/lib/armv7e-m/libc.a
LOAD /home/rajeshwar/code/stm32/gcc/bin/../lib/gcc/arm-none-eabi/4.8.4/../../../../arm-none-eabi/lib/armv7e-m/librdimon.a
END GROUP
LOAD /home/rajeshwar/code/stm32/gcc/bin/../lib/gcc/arm-none-eabi/4.8.4/armv7e-m/crtend.o
LOAD /home/rajeshwar/code/stm32/gcc/bin/../lib/gcc/arm-none-eabi/4.8.4/armv7e-m/crtn.o

.text           0x0000000008000000     0x26c0
 *(.isr_vector)
 .isr_vector    0x0000000008000000      0x120 stm32_startup.o
                0x0000000008000000                vectors
 *(.text)
 .text          0x0000000008000120        0x0 /home/rajeshwar/code/stm32/gcc/bin/../lib/gcc/arm-none-eabi/4.8.4/armv7e-m/crti.o
 .text          0x0000000008000120       0x54 /home/rajeshwar/code/stm32/gcc/bin/../lib/gcc/arm-none-eabi/4.8.4/armv7e-m/crtbegin.o
 .text          0x0000000008000174       0xdc /home/rajeshwar/code/stm32/gcc/bin/../lib/gcc/arm-none-eabi/4.8.4/../../../../arm-none-eabi/lib/armv7e-m/rdimon-crt0.o
                0x0000000008000174                _mainCRTStartup
                0x0000000008000174                _start
 .text          0x0000000008000250       0x18 main.o
                0x0000000008000250                main
 .text          0x0000000008000268        0x0 led.o
 .text          0x0000000008000268       0x8c stm32_startup.o
                0x0000000008000268                RTC_WKUP_Handler
                0x0000000008000268                FLASH_Handler
                0x0000000008000268                DebugMon_Handler
                0x0000000008000268                DMA2_Stream7_Handler
                0x0000000008000268                HardFault_Handler
                0x0000000008000268                DMA2_Stream3_Handler
                0x0000000008000268                SysTick_Handler
                0x0000000008000268                PendSV_Handler
                0x0000000008000268                NMI_Handler
                0x0000000008000268                EXTI15_10_Handler
                0x0000000008000268                ADC_Handler
                0x0000000008000268                I2C1_EV_Handler
                0x0000000008000268                TAMP_STAMP_Handler
                0x0000000008000268                I2C3_ER_Handler
                0x0000000008000268                WWDG_Handler
                0x0000000008000268                I2C3_EV_Handler
                0x0000000008000268                DMA1_Stream1_Handler
                0x0000000008000268                DMA2_Stream4_Handler
                0x0000000008000268                DMA1_Stream7_Handler
                0x0000000008000268                EXTI13_Handler
                0x0000000008000268                OTG_FS_Handler
                0x0000000008000268                TIM1_BRK_TIM9_Handler
                0x0000000008000268                I2C1_ER_Handler
                0x0000000008000268                DMA1_Stream3_Handler
                0x0000000008000268                UsageFault_Handler
                0x0000000008000268                TIM1_UP_TIM10_Handler
                0x0000000008000268                I2C2_ER_Handler
                0x0000000008000268                USART6_Handler
                0x0000000008000268                DMA1_Stream0_Handler
                0x0000000008000268                EXTI10_Handler
                0x0000000008000268                EXTI12_Handler
                0x0000000008000268                EXTI9_5_Handler
                0x0000000008000268                TIM2_Handler
                0x0000000008000268                USART1_Handler
                0x0000000008000268                TIM3_Handler
                0x0000000008000268                DMA2_Stream6_Handler
                0x0000000008000268                Default_Handler
                0x0000000008000268                TIM1CC_Handler
                0x0000000008000268                TIM1_TRG_COM_TIM11_Handler
                0x0000000008000268                EXTI14_Handler
                0x0000000008000268                RTC_Alarm_Handler
                0x0000000008000268                TIM4_Handler
                0x0000000008000268                SPI2_Handler
                0x0000000008000268                DMA2_Stream1_Handler
                0x0000000008000268                DMA1_Stream2_Handler
                0x0000000008000268                MemManage_Handler
                0x0000000008000268                SVC_Handler
                0x0000000008000268                DMA2_Stream5_Handler
                0x0000000008000268                EXTI11_Handler
                0x0000000008000268                DMA1_Stream6_Handler
                0x0000000008000268                SDIO_Handler
                0x0000000008000268                USART2_Handler
                0x0000000008000268                SPI1_Handler
                0x0000000008000268                I2C2_EV_Handler
                0x0000000008000268                DMA2_Stream2_Handler
                0x0000000008000268                SPI3_Handler
                0x0000000008000268                DMA2_Stream0_Handler
                0x0000000008000268                RCC_Handler
                0x0000000008000268                PVD_Handler
                0x0000000008000268                DMA1_Stream5_Handler
                0x0000000008000268                TIM5_Handler
                0x0000000008000268                FPU_Handler
                0x0000000008000268                BusFault_Handler
                0x0000000008000268                DMA1_Stream4_Handler
                0x0000000008000268                OTG_FS_WKUP_Handler
                0x0000000008000268                SPI4_Handler
                0x0000000008000270                Reset_Handler
 .text          0x00000000080002f4        0x0 /home/rajeshwar/code/stm32/gcc/bin/../lib/gcc/arm-none-eabi/4.8.4/../../../../arm-none-eabi/lib/armv7e-m/libc.a(lib_a-exit.o)
 .text          0x00000000080002f4        0x0 /home/rajeshwar/code/stm32/gcc/bin/../lib/gcc/arm-none-eabi/4.8.4/../../../../arm-none-eabi/lib/armv7e-m/libc.a(lib_a-impure.o)
 .text          0x00000000080002f4        0x0 /home/rajeshwar/code/stm32/gcc/bin/../lib/gcc/arm-none-eabi/4.8.4/../../../../arm-none-eabi/lib/armv7e-m/libc.a(lib_a-init.o)
 .text          0x00000000080002f4        0x0 /home/rajeshwar/code/stm32/gcc/bin/../lib/gcc/arm-none-eabi/4.8.4/../../../../arm-none-eabi/lib/armv7e-m/libc.a(lib_a-memset.o)
 .text          0x00000000080002f4        0x0 /home/rajeshwar/code/stm32/gcc/bin/../lib/gcc/arm-none-eabi/4.8.4/../../../../arm-none-eabi/lib/armv7e-m/libc.a(lib_a-puts.o)
 .text          0x00000000080002f4        0x0 /home/rajeshwar/code/stm32/gcc/bin/../lib/gcc/arm-none-eabi/4.8.4/../../../../arm-none-eabi/lib/armv7e-m/libc.a(lib_a-strlen.o)
 .text          0x00000000080002f4        0x0 /home/rajeshwar/code/stm32/gcc/bin/../lib/gcc/arm-none-eabi/4.8.4/../../../../arm-none-eabi/lib/armv7e-m/libc.a(lib_a-__call_atexit.o)
 .text          0x00000000080002f4        0x0 /home/rajeshwar/code/stm32/gcc/bin/../lib/gcc/arm-none-eabi/4.8.4/../../../../arm-none-eabi/lib/armv7e-m/libc.a(lib_a-atexit.o)
 .text          0x00000000080002f4        0x0 /home/rajeshwar/code/stm32/gcc/bin/../lib/gcc/arm-none-eabi/4.8.4/../../../../arm-none-eabi/lib/armv7e-m/libc.a(lib_a-fini.o)
 .text          0x00000000080002f4        0x0 /home/rajeshwar/code/stm32/gcc/bin/../lib/gcc/arm-none-eabi/4.8.4/../../../../arm-none-eabi/lib/armv7e-m/libc.a(lib_a-fvwrite.o)
 .text          0x00000000080002f4        0x0 /home/rajeshwar/code/stm32/gcc/bin/../lib/gcc/arm-none-eabi/4.8.4/../../../../arm-none-eabi/lib/armv7e-m/libc.a(lib_a-mallocr.o)
 .text          0x00000000080002f4        0x0 /home/rajeshwar/code/stm32/gcc/bin/../lib/gcc/arm-none-eabi/4.8.4/../../../../arm-none-eabi/lib/armv7e-m/libc.a(lib_a-memchr-stub.o)
 .text          0x00000000080002f4      0x134 /home/rajeshwar/code/stm32/gcc/bin/../lib/gcc/arm-none-eabi/4.8.4/../../../../arm-none-eabi/lib/armv7e-m/libc.a(lib_a-memcpy.o)
                0x00000000080002f4                memcpy
 .text          0x0000000008000428        0x0 /home/rajeshwar/code/stm32/gcc/bin/../lib/gcc/arm-none-eabi/4.8.4/../../../../arm-none-eabi/lib/armv7e-m/libc.a(lib_a-memmove.o)
 .text          0x0000000008000428        0x0 /home/rajeshwar/code/stm32/gcc/bin/../lib/gcc/arm-none-eabi/4.8.4/../../../../arm-none-eabi/lib/armv7e-m/libc.a(lib_a-mlock.o)
 .text          0x0000000008000428        0x0 /home/rajeshwar/code/stm32/gcc/bin/../lib/gcc/arm-none-eabi/4.8.4/../../../../arm-none-eabi/lib/armv7e-m/libc.a(lib_a-reallocr.o)
 .text          0x0000000008000428        0x0 /home/rajeshwar/code/stm32/gcc/bin/../lib/gcc/arm-none-eabi/4.8.4/../../../../arm-none-eabi/lib/armv7e-m/libc.a(lib_a-sbrkr.o)
 .text          0x0000000008000428        0x0 /home/rajeshwar/code/stm32/gcc/bin/../lib/gcc/arm-none-eabi/4.8.4/../../../../arm-none-eabi/lib/armv7e-m/libc.a(lib_a-wsetup.o)
 .text          0x0000000008000428        0x0 /home/rajeshwar/code/stm32/gcc/bin/../lib/gcc/arm-none-eabi/4.8.4/../../../../arm-none-eabi/lib/armv7e-m/libc.a(lib_a-__atexit.o)
 .text          0x0000000008000428        0x0 /home/rajeshwar/code/stm32/gcc/bin/../lib/gcc/arm-none-eabi/4.8.4/../../../../arm-none-eabi/lib/armv7e-m/libc.a(lib_a-fflush.o)
 .text          0x0000000008000428        0x0 /home/rajeshwar/code/stm32/gcc/bin/../lib/gcc/arm-none-eabi/4.8.4/../../../../arm-none-eabi/lib/armv7e-m/libc.a(lib_a-findfp.o)
 .text          0x0000000008000428        0x0 /home/rajeshwar/code/stm32/gcc/bin/../lib/gcc/arm-none-eabi/4.8.4/../../../../arm-none-eabi/lib/armv7e-m/libc.a(lib_a-freer.o)
 .text          0x0000000008000428        0x0 /home/rajeshwar/code/stm32/gcc/bin/../lib/gcc/arm-none-eabi/4.8.4/../../../../arm-none-eabi/lib/armv7e-m/libc.a(lib_a-fwalk.o)
 .text          0x0000000008000428        0x0 /home/rajeshwar/code/stm32/gcc/bin/../lib/gcc/arm-none-eabi/4.8.4/../../../../arm-none-eabi/lib/armv7e-m/libc.a(lib_a-makebuf.o)
 .text          0x0000000008000428        0x0 /home/rajeshwar/code/stm32/gcc/bin/../lib/gcc/arm-none-eabi/4.8.4/../../../../arm-none-eabi/lib/armv7e-m/libc.a(lib_a-reent.o)
 .text          0x0000000008000428        0x0 /home/rajeshwar/code/stm32/gcc/bin/../lib/gcc/arm-none-eabi/4.8.4/../../../../arm-none-eabi/lib/armv7e-m/libc.a(lib_a-stdio.o)
 .text          0x0000000008000428        0x0 /home/rajeshwar/code/stm32/gcc/bin/../lib/gcc/arm-none-eabi/4.8.4/../../../../arm-none-eabi/lib/armv7e-m/libc.a(lib_a-writer.o)
 .text          0x0000000008000428        0x0 /home/rajeshwar/code/stm32/gcc/bin/../lib/gcc/arm-none-eabi/4.8.4/../../../../arm-none-eabi/lib/armv7e-m/libc.a(lib_a-closer.o)
 .text          0x0000000008000428        0x0 /home/rajeshwar/code/stm32/gcc/bin/../lib/gcc/arm-none-eabi/4.8.4/../../../../arm-none-eabi/lib/armv7e-m/libc.a(lib_a-fclose.o)
 .text          0x0000000008000428        0x0 /home/rajeshwar/code/stm32/gcc/bin/../lib/gcc/arm-none-eabi/4.8.4/../../../../arm-none-eabi/lib/armv7e-m/libc.a(lib_a-fstatr.o)
 .text          0x0000000008000428        0x0 /home/rajeshwar/code/stm32/gcc/bin/../lib/gcc/arm-none-eabi/4.8.4/../../../../arm-none-eabi/lib/armv7e-m/libc.a(lib_a-isattyr.o)
 .text          0x0000000008000428        0x0 /home/rajeshwar/code/stm32/gcc/bin/../lib/gcc/arm-none-eabi/4.8.4/../../../../arm-none-eabi/lib/armv7e-m/libc.a(lib_a-lseekr.o)
 .text          0x0000000008000428        0x0 /home/rajeshwar/code/stm32/gcc/bin/../lib/gcc/arm-none-eabi/4.8.4/../../../../arm-none-eabi/lib/armv7e-m/libc.a(lib_a-readr.o)
 .text          0x0000000008000428        0x0 /home/rajeshwar/code/stm32/gcc/bin/../lib/gcc/arm-none-eabi/4.8.4/../../../../arm-none-eabi/lib/armv7e-m/librdimon.a(rdimon-syscalls.o)
 .text          0x0000000008000428        0x0 /home/rajeshwar/code/stm32/gcc/bin/../lib/gcc/arm-none-eabi/4.8.4/../../../../arm-none-eabi/lib/armv7e-m/librdimon.a(rdimon-_exit.o)
 .text          0x0000000008000428        0x0 /home/rajeshwar/code/stm32/gcc/bin/../lib/gcc/arm-none-eabi/4.8.4/../../../../arm-none-eabi/lib/armv7e-m/librdimon.a(rdimon-_kill.o)
 .text          0x0000000008000428        0x0 /home/rajeshwar/code/stm32/gcc/bin/../lib/gcc/arm-none-eabi/4.8.4/../../../../arm-none-eabi/lib/armv7e-m/libc.a(lib_a-errno.o)
 .text          0x0000000008000428        0x0 /home/rajeshwar/code/stm32/gcc/bin/../lib/gcc/arm-none-eabi/4.8.4/armv7e-m/crtend.o
 .text          0x0000000008000428        0x0 /home/rajeshwar/code/stm32/gcc/bin/../lib/gcc/arm-none-eabi/4.8.4/armv7e-m/crtn.o
 *(.text.*)
 .text.exit     0x0000000008000428       0x20 /home/rajeshwar/code/stm32/gcc/bin/../lib/gcc/arm-none-eabi/4.8.4/../../../../arm-none-eabi/lib/armv7e-m/libc.a(lib_a-exit.o)
                0x0000000008000428                exit
 .text.__libc_init_array
                0x0000000008000448       0x50 /home/rajeshwar/code/stm32/gcc/bin/../lib/gcc/arm-none-eabi/4.8.4/../../../../arm-none-eabi/lib/armv7e-m/libc.a(lib_a-init.o)
                0x0000000008000448                __libc_init_array
 .text.memset   0x0000000008000498       0x94 /home/rajeshwar/code/stm32/gcc/bin/../lib/gcc/arm-none-eabi/4.8.4/../../../../arm-none-eabi/lib/armv7e-m/libc.a(lib_a-memset.o)
                0x0000000008000498                memset
 .text._puts_r  0x000000000800052c       0x5c /home/rajeshwar/code/stm32/gcc/bin/../lib/gcc/arm-none-eabi/4.8.4/../../../../arm-none-eabi/lib/armv7e-m/libc.a(lib_a-puts.o)
                0x000000000800052c                _puts_r
 .text.puts     0x0000000008000588       0x10 /home/rajeshwar/code/stm32/gcc/bin/../lib/gcc/arm-none-eabi/4.8.4/../../../../arm-none-eabi/lib/armv7e-m/libc.a(lib_a-puts.o)
                0x0000000008000588                puts
 .text.strlen   0x0000000008000598       0x60 /home/rajeshwar/code/stm32/gcc/bin/../lib/gcc/arm-none-eabi/4.8.4/../../../../arm-none-eabi/lib/armv7e-m/libc.a(lib_a-strlen.o)
                0x0000000008000598                strlen
 .text.startup.register_fini
                0x00000000080005f8       0x14 /home/rajeshwar/code/stm32/gcc/bin/../lib/gcc/arm-none-eabi/4.8.4/../../../../arm-none-eabi/lib/armv7e-m/libc.a(lib_a-__call_atexit.o)
 .text.__call_exitprocs
                0x000000000800060c       0xf0 /home/rajeshwar/code/stm32/gcc/bin/../lib/gcc/arm-none-eabi/4.8.4/../../../../arm-none-eabi/lib/armv7e-m/libc.a(lib_a-__call_atexit.o)
                0x000000000800060c                __call_exitprocs
 .text.atexit   0x00000000080006fc        0xc /home/rajeshwar/code/stm32/gcc/bin/../lib/gcc/arm-none-eabi/4.8.4/../../../../arm-none-eabi/lib/armv7e-m/libc.a(lib_a-atexit.o)
                0x00000000080006fc                atexit
 .text.__libc_fini_array
                0x0000000008000708       0x30 /home/rajeshwar/code/stm32/gcc/bin/../lib/gcc/arm-none-eabi/4.8.4/../../../../arm-none-eabi/lib/armv7e-m/libc.a(lib_a-fini.o)
                0x0000000008000708                __libc_fini_array
 .text.__sfvwrite_r
                0x0000000008000738      0x318 /home/rajeshwar/code/stm32/gcc/bin/../lib/gcc/arm-none-eabi/4.8.4/../../../../arm-none-eabi/lib/armv7e-m/libc.a(lib_a-fvwrite.o)
                0x0000000008000738                __sfvwrite_r
 .text._malloc_r
                0x0000000008000a50      0x538 /home/rajeshwar/code/stm32/gcc/bin/../lib/gcc/arm-none-eabi/4.8.4/../../../../arm-none-eabi/lib/armv7e-m/libc.a(lib_a-mallocr.o)
                0x0000000008000a50                _malloc_r
 .text.memchr   0x0000000008000f88       0x90 /home/rajeshwar/code/stm32/gcc/bin/../lib/gcc/arm-none-eabi/4.8.4/../../../../arm-none-eabi/lib/armv7e-m/libc.a(lib_a-memchr-stub.o)
                0x0000000008000f88                memchr
 .text.memmove  0x0000000008001018       0xc0 /home/rajeshwar/code/stm32/gcc/bin/../lib/gcc/arm-none-eabi/4.8.4/../../../../arm-none-eabi/lib/armv7e-m/libc.a(lib_a-memmove.o)
                0x0000000008001018                memmove
 .text.__malloc_lock
                0x00000000080010d8        0x4 /home/rajeshwar/code/stm32/gcc/bin/../lib/gcc/arm-none-eabi/4.8.4/../../../../arm-none-eabi/lib/armv7e-m/libc.a(lib_a-mlock.o)
                0x00000000080010d8                __malloc_lock
 .text.__malloc_unlock
                0x00000000080010dc        0x4 /home/rajeshwar/code/stm32/gcc/bin/../lib/gcc/arm-none-eabi/4.8.4/../../../../arm-none-eabi/lib/armv7e-m/libc.a(lib_a-mlock.o)
                0x00000000080010dc                __malloc_unlock
 .text._realloc_r
                0x00000000080010e0      0x3cc /home/rajeshwar/code/stm32/gcc/bin/../lib/gcc/arm-none-eabi/4.8.4/../../../../arm-none-eabi/lib/armv7e-m/libc.a(lib_a-reallocr.o)
                0x00000000080010e0                _realloc_r
 .text._sbrk_r  0x00000000080014ac       0x24 /home/rajeshwar/code/stm32/gcc/bin/../lib/gcc/arm-none-eabi/4.8.4/../../../../arm-none-eabi/lib/armv7e-m/libc.a(lib_a-sbrkr.o)
                0x00000000080014ac                _sbrk_r
 .text.__swsetup_r
                0x00000000080014d0       0xc4 /home/rajeshwar/code/stm32/gcc/bin/../lib/gcc/arm-none-eabi/4.8.4/../../../../arm-none-eabi/lib/armv7e-m/libc.a(lib_a-wsetup.o)
                0x00000000080014d0                __swsetup_r
 .text.__register_exitproc
                0x0000000008001594       0xa8 /home/rajeshwar/code/stm32/gcc/bin/../lib/gcc/arm-none-eabi/4.8.4/../../../../arm-none-eabi/lib/armv7e-m/libc.a(lib_a-__atexit.o)
                0x0000000008001594                __register_exitproc
 .text.__sflush_r
                0x000000000800163c      0x154 /home/rajeshwar/code/stm32/gcc/bin/../lib/gcc/arm-none-eabi/4.8.4/../../../../arm-none-eabi/lib/armv7e-m/libc.a(lib_a-fflush.o)
                0x000000000800163c                __sflush_r
 .text._fflush_r
                0x0000000008001790       0x2c /home/rajeshwar/code/stm32/gcc/bin/../lib/gcc/arm-none-eabi/4.8.4/../../../../arm-none-eabi/lib/armv7e-m/libc.a(lib_a-fflush.o)
                0x0000000008001790                _fflush_r
 .text.fflush   0x00000000080017bc       0x24 /home/rajeshwar/code/stm32/gcc/bin/../lib/gcc/arm-none-eabi/4.8.4/../../../../arm-none-eabi/lib/armv7e-m/libc.a(lib_a-fflush.o)
                0x00000000080017bc                fflush
 .text.__fp_lock
                0x00000000080017e0        0x4 /home/rajeshwar/code/stm32/gcc/bin/../lib/gcc/arm-none-eabi/4.8.4/../../../../arm-none-eabi/lib/armv7e-m/libc.a(lib_a-findfp.o)
 .text.__fp_unlock
                0x00000000080017e4        0x4 /home/rajeshwar/code/stm32/gcc/bin/../lib/gcc/arm-none-eabi/4.8.4/../../../../arm-none-eabi/lib/armv7e-m/libc.a(lib_a-findfp.o)
 .text._cleanup_r
                0x00000000080017e8        0xc /home/rajeshwar/code/stm32/gcc/bin/../lib/gcc/arm-none-eabi/4.8.4/../../../../arm-none-eabi/lib/armv7e-m/libc.a(lib_a-findfp.o)
                0x00000000080017e8                _cleanup_r
 .text.__sfmoreglue
                0x00000000080017f4       0x30 /home/rajeshwar/code/stm32/gcc/bin/../lib/gcc/arm-none-eabi/4.8.4/../../../../arm-none-eabi/lib/armv7e-m/libc.a(lib_a-findfp.o)
                0x00000000080017f4                __sfmoreglue
 .text._cleanup
                0x0000000008001824       0x14 /home/rajeshwar/code/stm32/gcc/bin/../lib/gcc/arm-none-eabi/4.8.4/../../../../arm-none-eabi/lib/armv7e-m/libc.a(lib_a-findfp.o)
                0x0000000008001824                _cleanup
 .text.__sinit  0x0000000008001838       0xf4 /home/rajeshwar/code/stm32/gcc/bin/../lib/gcc/arm-none-eabi/4.8.4/../../../../arm-none-eabi/lib/armv7e-m/libc.a(lib_a-findfp.o)
                0x0000000008001838                __sinit
 .text.__sfp    0x000000000800192c       0x8c /home/rajeshwar/code/stm32/gcc/bin/../lib/gcc/arm-none-eabi/4.8.4/../../../../arm-none-eabi/lib/armv7e-m/libc.a(lib_a-findfp.o)
                0x000000000800192c                __sfp
 .text.__sfp_lock_acquire
                0x00000000080019b8        0x4 /home/rajeshwar/code/stm32/gcc/bin/../lib/gcc/arm-none-eabi/4.8.4/../../../../arm-none-eabi/lib/armv7e-m/libc.a(lib_a-findfp.o)
                0x00000000080019b8                __sfp_lock_acquire
 .text.__sfp_lock_release
                0x00000000080019bc        0x4 /home/rajeshwar/code/stm32/gcc/bin/../lib/gcc/arm-none-eabi/4.8.4/../../../../arm-none-eabi/lib/armv7e-m/libc.a(lib_a-findfp.o)
                0x00000000080019bc                __sfp_lock_release
 .text.__sinit_lock_acquire
                0x00000000080019c0        0x4 /home/rajeshwar/code/stm32/gcc/bin/../lib/gcc/arm-none-eabi/4.8.4/../../../../arm-none-eabi/lib/armv7e-m/libc.a(lib_a-findfp.o)
                0x00000000080019c0                __sinit_lock_acquire
 .text.__sinit_lock_release
                0x00000000080019c4        0x4 /home/rajeshwar/code/stm32/gcc/bin/../lib/gcc/arm-none-eabi/4.8.4/../../../../arm-none-eabi/lib/armv7e-m/libc.a(lib_a-findfp.o)
                0x00000000080019c4                __sinit_lock_release
 .text.__fp_lock_all
                0x00000000080019c8       0x14 /home/rajeshwar/code/stm32/gcc/bin/../lib/gcc/arm-none-eabi/4.8.4/../../../../arm-none-eabi/lib/armv7e-m/libc.a(lib_a-findfp.o)
                0x00000000080019c8                __fp_lock_all
 .text.__fp_unlock_all
                0x00000000080019dc       0x14 /home/rajeshwar/code/stm32/gcc/bin/../lib/gcc/arm-none-eabi/4.8.4/../../../../arm-none-eabi/lib/armv7e-m/libc.a(lib_a-findfp.o)
                0x00000000080019dc                __fp_unlock_all
 .text._malloc_trim_r
                0x00000000080019f0       0x9c /home/rajeshwar/code/stm32/gcc/bin/../lib/gcc/arm-none-eabi/4.8.4/../../../../arm-none-eabi/lib/armv7e-m/libc.a(lib_a-freer.o)
                0x00000000080019f0                _malloc_trim_r
 .text._free_r  0x0000000008001a8c      0x19c /home/rajeshwar/code/stm32/gcc/bin/../lib/gcc/arm-none-eabi/4.8.4/../../../../arm-none-eabi/lib/armv7e-m/libc.a(lib_a-freer.o)
                0x0000000008001a8c                _free_r
 .text._fwalk   0x0000000008001c28       0x4c /home/rajeshwar/code/stm32/gcc/bin/../lib/gcc/arm-none-eabi/4.8.4/../../../../arm-none-eabi/lib/armv7e-m/libc.a(lib_a-fwalk.o)
                0x0000000008001c28                _fwalk
 .text._fwalk_reent
                0x0000000008001c74       0x50 /home/rajeshwar/code/stm32/gcc/bin/../lib/gcc/arm-none-eabi/4.8.4/../../../../arm-none-eabi/lib/armv7e-m/libc.a(lib_a-fwalk.o)
                0x0000000008001c74                _fwalk_reent
 .text.__smakebuf_r
                0x0000000008001cc4       0xe0 /home/rajeshwar/code/stm32/gcc/bin/../lib/gcc/arm-none-eabi/4.8.4/../../../../arm-none-eabi/lib/armv7e-m/libc.a(lib_a-makebuf.o)
                0x0000000008001cc4                __smakebuf_r
 .text.cleanup_glue
                0x0000000008001da4       0x1c /home/rajeshwar/code/stm32/gcc/bin/../lib/gcc/arm-none-eabi/4.8.4/../../../../arm-none-eabi/lib/armv7e-m/libc.a(lib_a-reent.o)
                0x0000000008001da4                cleanup_glue
 .text._reclaim_reent
                0x0000000008001dc0       0x90 /home/rajeshwar/code/stm32/gcc/bin/../lib/gcc/arm-none-eabi/4.8.4/../../../../arm-none-eabi/lib/armv7e-m/libc.a(lib_a-reent.o)
                0x0000000008001dc0                _reclaim_reent
 .text.__sread  0x0000000008001e50       0x24 /home/rajeshwar/code/stm32/gcc/bin/../lib/gcc/arm-none-eabi/4.8.4/../../../../arm-none-eabi/lib/armv7e-m/libc.a(lib_a-stdio.o)
                0x0000000008001e50                __sread
 .text.__seofread
                0x0000000008001e74        0x4 /home/rajeshwar/code/stm32/gcc/bin/../lib/gcc/arm-none-eabi/4.8.4/../../../../arm-none-eabi/lib/armv7e-m/libc.a(lib_a-stdio.o)
                0x0000000008001e74                __seofread
 .text.__swrite
                0x0000000008001e78       0x38 /home/rajeshwar/code/stm32/gcc/bin/../lib/gcc/arm-none-eabi/4.8.4/../../../../arm-none-eabi/lib/armv7e-m/libc.a(lib_a-stdio.o)
                0x0000000008001e78                __swrite
 .text.__sseek  0x0000000008001eb0       0x20 /home/rajeshwar/code/stm32/gcc/bin/../lib/gcc/arm-none-eabi/4.8.4/../../../../arm-none-eabi/lib/armv7e-m/libc.a(lib_a-stdio.o)
                0x0000000008001eb0                __sseek
 .text.__sclose
                0x0000000008001ed0        0x8 /home/rajeshwar/code/stm32/gcc/bin/../lib/gcc/arm-none-eabi/4.8.4/../../../../arm-none-eabi/lib/armv7e-m/libc.a(lib_a-stdio.o)
                0x0000000008001ed0                __sclose
 .text._write_r
                0x0000000008001ed8       0x28 /home/rajeshwar/code/stm32/gcc/bin/../lib/gcc/arm-none-eabi/4.8.4/../../../../arm-none-eabi/lib/armv7e-m/libc.a(lib_a-writer.o)
                0x0000000008001ed8                _write_r
 .text._close_r
                0x0000000008001f00       0x24 /home/rajeshwar/code/stm32/gcc/bin/../lib/gcc/arm-none-eabi/4.8.4/../../../../arm-none-eabi/lib/armv7e-m/libc.a(lib_a-closer.o)
                0x0000000008001f00                _close_r
 .text._fclose_r
                0x0000000008001f24       0x80 /home/rajeshwar/code/stm32/gcc/bin/../lib/gcc/arm-none-eabi/4.8.4/../../../../arm-none-eabi/lib/armv7e-m/libc.a(lib_a-fclose.o)
                0x0000000008001f24                _fclose_r
 .text.fclose   0x0000000008001fa4       0x10 /home/rajeshwar/code/stm32/gcc/bin/../lib/gcc/arm-none-eabi/4.8.4/../../../../arm-none-eabi/lib/armv7e-m/libc.a(lib_a-fclose.o)
                0x0000000008001fa4                fclose
 .text._fstat_r
                0x0000000008001fb4       0x28 /home/rajeshwar/code/stm32/gcc/bin/../lib/gcc/arm-none-eabi/4.8.4/../../../../arm-none-eabi/lib/armv7e-m/libc.a(lib_a-fstatr.o)
                0x0000000008001fb4                _fstat_r
 .text._isatty_r
                0x0000000008001fdc       0x24 /home/rajeshwar/code/stm32/gcc/bin/../lib/gcc/arm-none-eabi/4.8.4/../../../../arm-none-eabi/lib/armv7e-m/libc.a(lib_a-isattyr.o)
                0x0000000008001fdc                _isatty_r
 .text._lseek_r
                0x0000000008002000       0x28 /home/rajeshwar/code/stm32/gcc/bin/../lib/gcc/arm-none-eabi/4.8.4/../../../../arm-none-eabi/lib/armv7e-m/libc.a(lib_a-lseekr.o)
                0x0000000008002000                _lseek_r
 .text._read_r  0x0000000008002028       0x28 /home/rajeshwar/code/stm32/gcc/bin/../lib/gcc/arm-none-eabi/4.8.4/../../../../arm-none-eabi/lib/armv7e-m/libc.a(lib_a-readr.o)
                0x0000000008002028                _read_r
 .text.findslot
                0x0000000008002050       0x38 /home/rajeshwar/code/stm32/gcc/bin/../lib/gcc/arm-none-eabi/4.8.4/../../../../arm-none-eabi/lib/armv7e-m/librdimon.a(rdimon-syscalls.o)
 .text.checkerror.part.0
                0x0000000008002088       0x1c /home/rajeshwar/code/stm32/gcc/bin/../lib/gcc/arm-none-eabi/4.8.4/../../../../arm-none-eabi/lib/armv7e-m/librdimon.a(rdimon-syscalls.o)
 .text.initialise_monitor_handles
                0x00000000080020a4       0xa4 /home/rajeshwar/code/stm32/gcc/bin/../lib/gcc/arm-none-eabi/4.8.4/../../../../arm-none-eabi/lib/armv7e-m/librdimon.a(rdimon-syscalls.o)
                0x00000000080020a4                initialise_monitor_handles
 .text._swiread
                0x0000000008002148       0x28 /home/rajeshwar/code/stm32/gcc/bin/../lib/gcc/arm-none-eabi/4.8.4/../../../../arm-none-eabi/lib/armv7e-m/librdimon.a(rdimon-syscalls.o)
                0x0000000008002148                _swiread
 .text._read    0x0000000008002170       0x34 /home/rajeshwar/code/stm32/gcc/bin/../lib/gcc/arm-none-eabi/4.8.4/../../../../arm-none-eabi/lib/armv7e-m/librdimon.a(rdimon-syscalls.o)
                0x0000000008002170                _read
 .text._swilseek
                0x00000000080021a4       0x94 /home/rajeshwar/code/stm32/gcc/bin/../lib/gcc/arm-none-eabi/4.8.4/../../../../arm-none-eabi/lib/armv7e-m/librdimon.a(rdimon-syscalls.o)
                0x00000000080021a4                _swilseek
 .text._lseek   0x0000000008002238        0x4 /home/rajeshwar/code/stm32/gcc/bin/../lib/gcc/arm-none-eabi/4.8.4/../../../../arm-none-eabi/lib/armv7e-m/librdimon.a(rdimon-syscalls.o)
                0x0000000008002238                _lseek
 .text._swiwrite
                0x000000000800223c       0x28 /home/rajeshwar/code/stm32/gcc/bin/../lib/gcc/arm-none-eabi/4.8.4/../../../../arm-none-eabi/lib/armv7e-m/librdimon.a(rdimon-syscalls.o)
                0x000000000800223c                _swiwrite
 .text._write   0x0000000008002264       0x58 /home/rajeshwar/code/stm32/gcc/bin/../lib/gcc/arm-none-eabi/4.8.4/../../../../arm-none-eabi/lib/armv7e-m/librdimon.a(rdimon-syscalls.o)
                0x0000000008002264                _write
 .text._swiclose
                0x00000000080022bc       0x28 /home/rajeshwar/code/stm32/gcc/bin/../lib/gcc/arm-none-eabi/4.8.4/../../../../arm-none-eabi/lib/armv7e-m/librdimon.a(rdimon-syscalls.o)
                0x00000000080022bc                _swiclose
 .text._close   0x00000000080022e4       0x68 /home/rajeshwar/code/stm32/gcc/bin/../lib/gcc/arm-none-eabi/4.8.4/../../../../arm-none-eabi/lib/armv7e-m/librdimon.a(rdimon-syscalls.o)
                0x00000000080022e4                _close
 .text._getpid  0x000000000800234c        0x4 /home/rajeshwar/code/stm32/gcc/bin/../lib/gcc/arm-none-eabi/4.8.4/../../../../arm-none-eabi/lib/armv7e-m/librdimon.a(rdimon-syscalls.o)
                0x000000000800234c                _getpid
 .text._sbrk    0x0000000008002350       0x34 /home/rajeshwar/code/stm32/gcc/bin/../lib/gcc/arm-none-eabi/4.8.4/../../../../arm-none-eabi/lib/armv7e-m/librdimon.a(rdimon-syscalls.o)
                0x0000000008002350                _sbrk
 .text._swistat
                0x0000000008002384       0x48 /home/rajeshwar/code/stm32/gcc/bin/../lib/gcc/arm-none-eabi/4.8.4/../../../../arm-none-eabi/lib/armv7e-m/librdimon.a(rdimon-syscalls.o)
                0x0000000008002384                _swistat
 .text._fstat   0x00000000080023cc       0x1c /home/rajeshwar/code/stm32/gcc/bin/../lib/gcc/arm-none-eabi/4.8.4/../../../../arm-none-eabi/lib/armv7e-m/librdimon.a(rdimon-syscalls.o)
                0x00000000080023cc                _fstat
 .text._stat    0x00000000080023e8       0x3c /home/rajeshwar/code/stm32/gcc/bin/../lib/gcc/arm-none-eabi/4.8.4/../../../../arm-none-eabi/lib/armv7e-m/librdimon.a(rdimon-syscalls.o)
                0x00000000080023e8                _stat
 .text._swiopen
                0x0000000008002424       0xd4 /home/rajeshwar/code/stm32/gcc/bin/../lib/gcc/arm-none-eabi/4.8.4/../../../../arm-none-eabi/lib/armv7e-m/librdimon.a(rdimon-syscalls.o)
                0x0000000008002424                _swiopen
 .text._open    0x00000000080024f8       0x14 /home/rajeshwar/code/stm32/gcc/bin/../lib/gcc/arm-none-eabi/4.8.4/../../../../arm-none-eabi/lib/armv7e-m/librdimon.a(rdimon-syscalls.o)
                0x00000000080024f8                _open
 .text._link    0x000000000800250c       0x10 /home/rajeshwar/code/stm32/gcc/bin/../lib/gcc/arm-none-eabi/4.8.4/../../../../arm-none-eabi/lib/armv7e-m/librdimon.a(rdimon-syscalls.o)
                0x000000000800250c                _link
 .text._unlink  0x000000000800251c       0x3c /home/rajeshwar/code/stm32/gcc/bin/../lib/gcc/arm-none-eabi/4.8.4/../../../../arm-none-eabi/lib/armv7e-m/librdimon.a(rdimon-syscalls.o)
                0x000000000800251c                _unlink
 .text._gettimeofday
                0x0000000008002558       0x24 /home/rajeshwar/code/stm32/gcc/bin/../lib/gcc/arm-none-eabi/4.8.4/../../../../arm-none-eabi/lib/armv7e-m/librdimon.a(rdimon-syscalls.o)
                0x0000000008002558                _gettimeofday
 .text._clock   0x000000000800257c       0x14 /home/rajeshwar/code/stm32/gcc/bin/../lib/gcc/arm-none-eabi/4.8.4/../../../../arm-none-eabi/lib/armv7e-m/librdimon.a(rdimon-syscalls.o)
                0x000000000800257c                _clock
 .text._times   0x0000000008002590       0x20 /home/rajeshwar/code/stm32/gcc/bin/../lib/gcc/arm-none-eabi/4.8.4/../../../../arm-none-eabi/lib/armv7e-m/librdimon.a(rdimon-syscalls.o)
                0x0000000008002590                _times
 .text._isatty  0x00000000080025b0       0x3c /home/rajeshwar/code/stm32/gcc/bin/../lib/gcc/arm-none-eabi/4.8.4/../../../../arm-none-eabi/lib/armv7e-m/librdimon.a(rdimon-syscalls.o)
                0x00000000080025b0                _isatty
 .text._system  0x00000000080025ec       0x44 /home/rajeshwar/code/stm32/gcc/bin/../lib/gcc/arm-none-eabi/4.8.4/../../../../arm-none-eabi/lib/armv7e-m/librdimon.a(rdimon-syscalls.o)
                0x00000000080025ec                _system
 .text._rename  0x0000000008002630       0x3c /home/rajeshwar/code/stm32/gcc/bin/../lib/gcc/arm-none-eabi/4.8.4/../../../../arm-none-eabi/lib/armv7e-m/librdimon.a(rdimon-syscalls.o)
                0x0000000008002630                _rename
 .text._exit    0x000000000800266c        0x8 /home/rajeshwar/code/stm32/gcc/bin/../lib/gcc/arm-none-eabi/4.8.4/../../../../arm-none-eabi/lib/armv7e-m/librdimon.a(rdimon-_exit.o)
                0x000000000800266c                _exit
 .text._kill    0x0000000008002674       0x20 /home/rajeshwar/code/stm32/gcc/bin/../lib/gcc/arm-none-eabi/4.8.4/../../../../arm-none-eabi/lib/armv7e-m/librdimon.a(rdimon-_kill.o)
                0x0000000008002674                _kill
 .text.__errno  0x0000000008002694        0xc /home/rajeshwar/code/stm32/gcc/bin/../lib/gcc/arm-none-eabi/4.8.4/../../../../arm-none-eabi/lib/armv7e-m/libc.a(lib_a-errno.o)
                0x0000000008002694                __errno
 *(.rodata)
 .rodata        0x00000000080026a0       0x10 main.o
 *(.rodata.*)
 .rodata.str1.4
                0x00000000080026b0        0x2 /home/rajeshwar/code/stm32/gcc/bin/../lib/gcc/arm-none-eabi/4.8.4/../../../../arm-none-eabi/lib/armv7e-m/libc.a(lib_a-impure.o)
                                          0x4 (size before relaxing)
 *fill*         0x00000000080026b2        0x2 
 .rodata._global_impure_ptr
                0x00000000080026b4        0x4 /home/rajeshwar/code/stm32/gcc/bin/../lib/gcc/arm-none-eabi/4.8.4/../../../../arm-none-eabi/lib/armv7e-m/libc.a(lib_a-impure.o)
                0x00000000080026b4                _global_impure_ptr
 .rodata.str1.4
                0x00000000080026b8        0x2 /home/rajeshwar/code/stm32/gcc/bin/../lib/gcc/arm-none-eabi/4.8.4/../../../../arm-none-eabi/lib/armv7e-m/libc.a(lib_a-puts.o)
                                          0x4 (size before relaxing)
 *fill*         0x00000000080026ba        0x2 
 .rodata.str1.4
                0x00000000080026bc        0x4 /home/rajeshwar/code/stm32/gcc/bin/../lib/gcc/arm-none-eabi/4.8.4/../../../../arm-none-eabi/lib/armv7e-m/librdimon.a(rdimon-syscalls.o)
                0x00000000080026c0                . = ALIGN (0x4)
                0x00000000080026c0                _etext = .
                0x00000000080026e4                _la_data = LOADADDR (.data)

.glue_7         0x00000000080026c0        0x0
 .glue_7        0x0000000000000000        0x0 linker stubs

.glue_7t        0x00000000080026c0        0x0
 .glue_7t       0x0000000000000000        0x0 linker stubs

.vfp11_veneer   0x00000000080026c0        0x0
 .vfp11_veneer  0x0000000000000000        0x0 linker stubs

.v4_bx          0x00000000080026c0        0x0
 .v4_bx         0x0000000000000000        0x0 linker stubs

.init           0x00000000080026c0        0xc
 .init          0x00000000080026c0        0x4 /home/rajeshwar/code/stm32/gcc/bin/../lib/gcc/arm-none-eabi/4.8.4/armv7e-m/crti.o
                0x00000000080026c0                _init
 .init          0x00000000080026c4        0x8 /home/rajeshwar/code/stm32/gcc/bin/../lib/gcc/arm-none-eabi/4.8.4/armv7e-m/crtn.o

.fini           0x00000000080026cc        0xc
 .fini          0x00000000080026cc        0x4 /home/rajeshwar/code/stm32/gcc/bin/../lib/gcc/arm-none-eabi/4.8.4/armv7e-m/crti.o
                0x00000000080026cc                _fini
 .fini          0x00000000080026d0        0x8 /home/rajeshwar/code/stm32/gcc/bin/../lib/gcc/arm-none-eabi/4.8.4/armv7e-m/crtn.o

.iplt           0x00000000080026d8        0x0
 .iplt          0x0000000000000000        0x0 /home/rajeshwar/code/stm32/gcc/bin/../lib/gcc/arm-none-eabi/4.8.4/armv7e-m/crtbegin.o

.eh_frame       0x00000000080026d8        0x4
 .eh_frame      0x00000000080026d8        0x0 /home/rajeshwar/code/stm32/gcc/bin/../lib/gcc/arm-none-eabi/4.8.4/armv7e-m/crtbegin.o
 .eh_frame      0x00000000080026d8        0x4 /home/rajeshwar/code/stm32/gcc/bin/../lib/gcc/arm-none-eabi/4.8.4/armv7e-m/crtend.o

.ARM.extab      0x00000000080026dc        0x0
 .ARM.extab     0x00000000080026dc        0x0 /home/rajeshwar/code/stm32/gcc/bin/../lib/gcc/arm-none-eabi/4.8.4/../../../../arm-none-eabi/lib/armv7e-m/rdimon-crt0.o

.ARM.exidx      0x00000000080026dc        0x8
 .ARM.exidx     0x00000000080026dc        0x8 /home/rajeshwar/code/stm32/gcc/bin/../lib/gcc/arm-none-eabi/4.8.4/../../../../arm-none-eabi/lib/armv7e-m/rdimon-crt0.o

.rel.dyn        0x00000000080026e4        0x0
 .rel.iplt      0x0000000000000000        0x0 /home/rajeshwar/code/stm32/gcc/bin/../lib/gcc/arm-none-eabi/4.8.4/armv7e-m/crtbegin.o

.data           0x0000000020000000      0x954 load address 0x00000000080026e4
                0x0000000020000000                _sdata = .
 *(.data)
 .data          0x0000000020000000        0x0 /home/rajeshwar/code/stm32/gcc/bin/../lib/gcc/arm-none-eabi/4.8.4/armv7e-m/crti.o
 .data          0x0000000020000000        0x4 /home/rajeshwar/code/stm32/gcc/bin/../lib/gcc/arm-none-eabi/4.8.4/armv7e-m/crtbegin.o
                0x0000000020000000                __dso_handle
 .data          0x0000000020000004      0x110 /home/rajeshwar/code/stm32/gcc/bin/../lib/gcc/arm-none-eabi/4.8.4/../../../../arm-none-eabi/lib/armv7e-m/rdimon-crt0.o
                0x000000002000000c                __stack_base__
 .data          0x0000000020000114        0x1 main.o
                0x0000000020000114                current_task
 .data          0x0000000020000115        0x0 led.o
 .data          0x0000000020000115        0x0 stm32_startup.o
 .data          0x0000000020000115        0x0 /home/rajeshwar/code/stm32/gcc/bin/../lib/gcc/arm-none-eabi/4.8.4/../../../../arm-none-eabi/lib/armv7e-m/libc.a(lib_a-exit.o)
 .data          0x0000000020000115        0x0 /home/rajeshwar/code/stm32/gcc/bin/../lib/gcc/arm-none-eabi/4.8.4/../../../../arm-none-eabi/lib/armv7e-m/libc.a(lib_a-impure.o)
 .data          0x0000000020000115        0x0 /home/rajeshwar/code/stm32/gcc/bin/../lib/gcc/arm-none-eabi/4.8.4/../../../../arm-none-eabi/lib/armv7e-m/libc.a(lib_a-init.o)
 .data          0x0000000020000115        0x0 /home/rajeshwar/code/stm32/gcc/bin/../lib/gcc/arm-none-eabi/4.8.4/../../../../arm-none-eabi/lib/armv7e-m/libc.a(lib_a-memset.o)
 .data          0x0000000020000115        0x0 /home/rajeshwar/code/stm32/gcc/bin/../lib/gcc/arm-none-eabi/4.8.4/../../../../arm-none-eabi/lib/armv7e-m/libc.a(lib_a-puts.o)
 .data          0x0000000020000115        0x0 /home/rajeshwar/code/stm32/gcc/bin/../lib/gcc/arm-none-eabi/4.8.4/../../../../arm-none-eabi/lib/armv7e-m/libc.a(lib_a-strlen.o)
 .data          0x0000000020000115        0x0 /home/rajeshwar/code/stm32/gcc/bin/../lib/gcc/arm-none-eabi/4.8.4/../../../../arm-none-eabi/lib/armv7e-m/libc.a(lib_a-__call_atexit.o)
 .data          0x0000000020000115        0x0 /home/rajeshwar/code/stm32/gcc/bin/../lib/gcc/arm-none-eabi/4.8.4/../../../../arm-none-eabi/lib/armv7e-m/libc.a(lib_a-atexit.o)
 .data          0x0000000020000115        0x0 /home/rajeshwar/code/stm32/gcc/bin/../lib/gcc/arm-none-eabi/4.8.4/../../../../arm-none-eabi/lib/armv7e-m/libc.a(lib_a-fini.o)
 .data          0x0000000020000115        0x0 /home/rajeshwar/code/stm32/gcc/bin/../lib/gcc/arm-none-eabi/4.8.4/../../../../arm-none-eabi/lib/armv7e-m/libc.a(lib_a-fvwrite.o)
 .data          0x0000000020000115        0x0 /home/rajeshwar/code/stm32/gcc/bin/../lib/gcc/arm-none-eabi/4.8.4/../../../../arm-none-eabi/lib/armv7e-m/libc.a(lib_a-mallocr.o)
 .data          0x0000000020000115        0x0 /home/rajeshwar/code/stm32/gcc/bin/../lib/gcc/arm-none-eabi/4.8.4/../../../../arm-none-eabi/lib/armv7e-m/libc.a(lib_a-memchr-stub.o)
 .data          0x0000000020000115        0x0 /home/rajeshwar/code/stm32/gcc/bin/../lib/gcc/arm-none-eabi/4.8.4/../../../../arm-none-eabi/lib/armv7e-m/libc.a(lib_a-memcpy.o)
 .data          0x0000000020000115        0x0 /home/rajeshwar/code/stm32/gcc/bin/../lib/gcc/arm-none-eabi/4.8.4/../../../../arm-none-eabi/lib/armv7e-m/libc.a(lib_a-memmove.o)
 .data          0x0000000020000115        0x0 /home/rajeshwar/code/stm32/gcc/bin/../lib/gcc/arm-none-eabi/4.8.4/../../../../arm-none-eabi/lib/armv7e-m/libc.a(lib_a-mlock.o)
 .data          0x0000000020000115        0x0 /home/rajeshwar/code/stm32/gcc/bin/../lib/gcc/arm-none-eabi/4.8.4/../../../../arm-none-eabi/lib/armv7e-m/libc.a(lib_a-reallocr.o)
 .data          0x0000000020000115        0x0 /home/rajeshwar/code/stm32/gcc/bin/../lib/gcc/arm-none-eabi/4.8.4/../../../../arm-none-eabi/lib/armv7e-m/libc.a(lib_a-sbrkr.o)
 .data          0x0000000020000115        0x0 /home/rajeshwar/code/stm32/gcc/bin/../lib/gcc/arm-none-eabi/4.8.4/../../../../arm-none-eabi/lib/armv7e-m/libc.a(lib_a-wsetup.o)
 .data          0x0000000020000115        0x0 /home/rajeshwar/code/stm32/gcc/bin/../lib/gcc/arm-none-eabi/4.8.4/../../../../arm-none-eabi/lib/armv7e-m/libc.a(lib_a-__atexit.o)
 .data          0x0000000020000115        0x0 /home/rajeshwar/code/stm32/gcc/bin/../lib/gcc/arm-none-eabi/4.8.4/../../../../arm-none-eabi/lib/armv7e-m/libc.a(lib_a-fflush.o)
 .data          0x0000000020000115        0x0 /home/rajeshwar/code/stm32/gcc/bin/../lib/gcc/arm-none-eabi/4.8.4/../../../../arm-none-eabi/lib/armv7e-m/libc.a(lib_a-findfp.o)
 .data          0x0000000020000115        0x0 /home/rajeshwar/code/stm32/gcc/bin/../lib/gcc/arm-none-eabi/4.8.4/../../../../arm-none-eabi/lib/armv7e-m/libc.a(lib_a-freer.o)
 .data          0x0000000020000115        0x0 /home/rajeshwar/code/stm32/gcc/bin/../lib/gcc/arm-none-eabi/4.8.4/../../../../arm-none-eabi/lib/armv7e-m/libc.a(lib_a-fwalk.o)
 .data          0x0000000020000115        0x0 /home/rajeshwar/code/stm32/gcc/bin/../lib/gcc/arm-none-eabi/4.8.4/../../../../arm-none-eabi/lib/armv7e-m/libc.a(lib_a-makebuf.o)
 .data          0x0000000020000115        0x0 /home/rajeshwar/code/stm32/gcc/bin/../lib/gcc/arm-none-eabi/4.8.4/../../../../arm-none-eabi/lib/armv7e-m/libc.a(lib_a-reent.o)
 .data          0x0000000020000115        0x0 /home/rajeshwar/code/stm32/gcc/bin/../lib/gcc/arm-none-eabi/4.8.4/../../../../arm-none-eabi/lib/armv7e-m/libc.a(lib_a-stdio.o)
 .data          0x0000000020000115        0x0 /home/rajeshwar/code/stm32/gcc/bin/../lib/gcc/arm-none-eabi/4.8.4/../../../../arm-none-eabi/lib/armv7e-m/libc.a(lib_a-writer.o)
 .data          0x0000000020000115        0x0 /home/rajeshwar/code/stm32/gcc/bin/../lib/gcc/arm-none-eabi/4.8.4/../../../../arm-none-eabi/lib/armv7e-m/libc.a(lib_a-closer.o)
 .data          0x0000000020000115        0x0 /home/rajeshwar/code/stm32/gcc/bin/../lib/gcc/arm-none-eabi/4.8.4/../../../../arm-none-eabi/lib/armv7e-m/libc.a(lib_a-fclose.o)
 .data          0x0000000020000115        0x0 /home/rajeshwar/code/stm32/gcc/bin/../lib/gcc/arm-none-eabi/4.8.4/../../../../arm-none-eabi/lib/armv7e-m/libc.a(lib_a-fstatr.o)
 .data          0x0000000020000115        0x0 /home/rajeshwar/code/stm32/gcc/bin/../lib/gcc/arm-none-eabi/4.8.4/../../../../arm-none-eabi/lib/armv7e-m/libc.a(lib_a-isattyr.o)
 .data          0x0000000020000115        0x0 /home/rajeshwar/code/stm32/gcc/bin/../lib/gcc/arm-none-eabi/4.8.4/../../../../arm-none-eabi/lib/armv7e-m/libc.a(lib_a-lseekr.o)
 .data          0x0000000020000115        0x0 /home/rajeshwar/code/stm32/gcc/bin/../lib/gcc/arm-none-eabi/4.8.4/../../../../arm-none-eabi/lib/armv7e-m/libc.a(lib_a-readr.o)
 .data          0x0000000020000115        0x0 /home/rajeshwar/code/stm32/gcc/bin/../lib/gcc/arm-none-eabi/4.8.4/../../../../arm-none-eabi/lib/armv7e-m/librdimon.a(rdimon-syscalls.o)
 .data          0x0000000020000115        0x0 /home/rajeshwar/code/stm32/gcc/bin/../lib/gcc/arm-none-eabi/4.8.4/../../../../arm-none-eabi/lib/armv7e-m/librdimon.a(rdimon-_exit.o)
 .data          0x0000000020000115        0x0 /home/rajeshwar/code/stm32/gcc/bin/../lib/gcc/arm-none-eabi/4.8.4/../../../../arm-none-eabi/lib/armv7e-m/librdimon.a(rdimon-_kill.o)
 .data          0x0000000020000115        0x0 /home/rajeshwar/code/stm32/gcc/bin/../lib/gcc/arm-none-eabi/4.8.4/../../../../arm-none-eabi/lib/armv7e-m/libc.a(lib_a-errno.o)
 .data          0x0000000020000115        0x0 /home/rajeshwar/code/stm32/gcc/bin/../lib/gcc/arm-none-eabi/4.8.4/armv7e-m/crtend.o
 .data          0x0000000020000115        0x0 /home/rajeshwar/code/stm32/gcc/bin/../lib/gcc/arm-none-eabi/4.8.4/armv7e-m/crtn.o
 *(.data.*)
 *fill*         0x0000000020000115        0x3 
 .data.impure_data
                0x0000000020000118      0x428 /home/rajeshwar/code/stm32/gcc/bin/../lib/gcc/arm-none-eabi/4.8.4/../../../../arm-none-eabi/lib/armv7e-m/libc.a(lib_a-impure.o)
 .data._impure_ptr
                0x0000000020000540        0x4 /home/rajeshwar/code/stm32/gcc/bin/../lib/gcc/arm-none-eabi/4.8.4/../../../../arm-none-eabi/lib/armv7e-m/libc.a(lib_a-impure.o)
                0x0000000020000540                _impure_ptr
 .data.__malloc_av_
                0x0000000020000544      0x408 /home/rajeshwar/code/stm32/gcc/bin/../lib/gcc/arm-none-eabi/4.8.4/../../../../arm-none-eabi/lib/armv7e-m/libc.a(lib_a-mallocr.o)
                0x0000000020000544                __malloc_av_
 .data.__malloc_trim_threshold
                0x000000002000094c        0x4 /home/rajeshwar/code/stm32/gcc/bin/../lib/gcc/arm-none-eabi/4.8.4/../../../../arm-none-eabi/lib/armv7e-m/libc.a(lib_a-mallocr.o)
                0x000000002000094c                __malloc_trim_threshold
 .data.__malloc_sbrk_base
                0x0000000020000950        0x4 /home/rajeshwar/code/stm32/gcc/bin/../lib/gcc/arm-none-eabi/4.8.4/../../../../arm-none-eabi/lib/armv7e-m/libc.a(lib_a-mallocr.o)
                0x0000000020000950                __malloc_sbrk_base
                0x0000000020000954                . = ALIGN (0x4)
                0x0000000020000954                _edata = .

.init_array     0x0000000020000954        0x4 load address 0x0000000008003038
 .init_array    0x0000000020000954        0x4 /home/rajeshwar/code/stm32/gcc/bin/../lib/gcc/arm-none-eabi/4.8.4/armv7e-m/crtbegin.o

.fini_array     0x0000000020000958        0x4 load address 0x000000000800303c
 .fini_array    0x0000000020000958        0x4 /home/rajeshwar/code/stm32/gcc/bin/../lib/gcc/arm-none-eabi/4.8.4/armv7e-m/crtbegin.o

.jcr            0x000000002000095c        0x4 load address 0x0000000008003040
 .jcr           0x000000002000095c        0x0 /home/rajeshwar/code/stm32/gcc/bin/../lib/gcc/arm-none-eabi/4.8.4/armv7e-m/crtbegin.o
 .jcr           0x000000002000095c        0x4 /home/rajeshwar/code/stm32/gcc/bin/../lib/gcc/arm-none-eabi/4.8.4/armv7e-m/crtend.o

.igot.plt       0x0000000020000960        0x0 load address 0x0000000008003044
 .igot.plt      0x0000000000000000        0x0 /home/rajeshwar/code/stm32/gcc/bin/../lib/gcc/arm-none-eabi/4.8.4/armv7e-m/crtbegin.o

.init_array.00000
                0x0000000020000960        0x4 load address 0x0000000008003044
 .init_array.00000
                0x0000000020000960        0x4 /home/rajeshwar/code/stm32/gcc/bin/../lib/gcc/arm-none-eabi/4.8.4/../../../../arm-none-eabi/lib/armv7e-m/libc.a(lib_a-__call_atexit.o)

.bss            0x0000000020000964      0x104 load address 0x0000000008003048
                0x0000000020000964                _sbss = .
                0x0000000020000964                __bss_start__ = _sbss
 *(.bss)
 .bss           0x0000000020000964        0x0 /home/rajeshwar/code/stm32/gcc/bin/../lib/gcc/arm-none-eabi/4.8.4/armv7e-m/crti.o
 .bss           0x0000000020000964       0x1c /home/rajeshwar/code/stm32/gcc/bin/../lib/gcc/arm-none-eabi/4.8.4/armv7e-m/crtbegin.o
 .bss           0x0000000020000980        0x0 /home/rajeshwar/code/stm32/gcc/bin/../lib/gcc/arm-none-eabi/4.8.4/../../../../arm-none-eabi/lib/armv7e-m/rdimon-crt0.o
 .bss           0x0000000020000980        0x0 main.o
 .bss           0x0000000020000980        0x0 led.o
 .bss           0x0000000020000980        0x0 stm32_startup.o
 .bss           0x0000000020000980        0x0 /home/rajeshwar/code/stm32/gcc/bin/../lib/gcc/arm-none-eabi/4.8.4/../../../../arm-none-eabi/lib/armv7e-m/libc.a(lib_a-exit.o)
 .bss           0x0000000020000980        0x0 /home/rajeshwar/code/stm32/gcc/bin/../lib/gcc/arm-none-eabi/4.8.4/../../../../arm-none-eabi/lib/armv7e-m/libc.a(lib_a-impure.o)
 .bss           0x0000000020000980        0x0 /home/rajeshwar/code/stm32/gcc/bin/../lib/gcc/arm-none-eabi/4.8.4/../../../../arm-none-eabi/lib/armv7e-m/libc.a(lib_a-init.o)
 .bss           0x0000000020000980        0x0 /home/rajeshwar/code/stm32/gcc/bin/../lib/gcc/arm-none-eabi/4.8.4/../../../../arm-none-eabi/lib/armv7e-m/libc.a(lib_a-memset.o)
 .bss           0x0000000020000980        0x0 /home/rajeshwar/code/stm32/gcc/bin/../lib/gcc/arm-none-eabi/4.8.4/../../../../arm-none-eabi/lib/armv7e-m/libc.a(lib_a-puts.o)
 .bss           0x0000000020000980        0x0 /home/rajeshwar/code/stm32/gcc/bin/../lib/gcc/arm-none-eabi/4.8.4/../../../../arm-none-eabi/lib/armv7e-m/libc.a(lib_a-strlen.o)
 .bss           0x0000000020000980        0x0 /home/rajeshwar/code/stm32/gcc/bin/../lib/gcc/arm-none-eabi/4.8.4/../../../../arm-none-eabi/lib/armv7e-m/libc.a(lib_a-__call_atexit.o)
 .bss           0x0000000020000980        0x0 /home/rajeshwar/code/stm32/gcc/bin/../lib/gcc/arm-none-eabi/4.8.4/../../../../arm-none-eabi/lib/armv7e-m/libc.a(lib_a-atexit.o)
 .bss           0x0000000020000980        0x0 /home/rajeshwar/code/stm32/gcc/bin/../lib/gcc/arm-none-eabi/4.8.4/../../../../arm-none-eabi/lib/armv7e-m/libc.a(lib_a-fini.o)
 .bss           0x0000000020000980        0x0 /home/rajeshwar/code/stm32/gcc/bin/../lib/gcc/arm-none-eabi/4.8.4/../../../../arm-none-eabi/lib/armv7e-m/libc.a(lib_a-fvwrite.o)
 .bss           0x0000000020000980        0x0 /home/rajeshwar/code/stm32/gcc/bin/../lib/gcc/arm-none-eabi/4.8.4/../../../../arm-none-eabi/lib/armv7e-m/libc.a(lib_a-mallocr.o)
 .bss           0x0000000020000980        0x0 /home/rajeshwar/code/stm32/gcc/bin/../lib/gcc/arm-none-eabi/4.8.4/../../../../arm-none-eabi/lib/armv7e-m/libc.a(lib_a-memchr-stub.o)
 .bss           0x0000000020000980        0x0 /home/rajeshwar/code/stm32/gcc/bin/../lib/gcc/arm-none-eabi/4.8.4/../../../../arm-none-eabi/lib/armv7e-m/libc.a(lib_a-memcpy.o)
 .bss           0x0000000020000980        0x0 /home/rajeshwar/code/stm32/gcc/bin/../lib/gcc/arm-none-eabi/4.8.4/../../../../arm-none-eabi/lib/armv7e-m/libc.a(lib_a-memmove.o)
 .bss           0x0000000020000980        0x0 /home/rajeshwar/code/stm32/gcc/bin/../lib/gcc/arm-none-eabi/4.8.4/../../../../arm-none-eabi/lib/armv7e-m/libc.a(lib_a-mlock.o)
 .bss           0x0000000020000980        0x0 /home/rajeshwar/code/stm32/gcc/bin/../lib/gcc/arm-none-eabi/4.8.4/../../../../arm-none-eabi/lib/armv7e-m/libc.a(lib_a-reallocr.o)
 .bss           0x0000000020000980        0x0 /home/rajeshwar/code/stm32/gcc/bin/../lib/gcc/arm-none-eabi/4.8.4/../../../../arm-none-eabi/lib/armv7e-m/libc.a(lib_a-sbrkr.o)
 .bss           0x0000000020000980        0x0 /home/rajeshwar/code/stm32/gcc/bin/../lib/gcc/arm-none-eabi/4.8.4/../../../../arm-none-eabi/lib/armv7e-m/libc.a(lib_a-wsetup.o)
 .bss           0x0000000020000980        0x0 /home/rajeshwar/code/stm32/gcc/bin/../lib/gcc/arm-none-eabi/4.8.4/../../../../arm-none-eabi/lib/armv7e-m/libc.a(lib_a-__atexit.o)
 .bss           0x0000000020000980        0x0 /home/rajeshwar/code/stm32/gcc/bin/../lib/gcc/arm-none-eabi/4.8.4/../../../../arm-none-eabi/lib/armv7e-m/libc.a(lib_a-fflush.o)
 .bss           0x0000000020000980        0x0 /home/rajeshwar/code/stm32/gcc/bin/../lib/gcc/arm-none-eabi/4.8.4/../../../../arm-none-eabi/lib/armv7e-m/libc.a(lib_a-findfp.o)
 .bss           0x0000000020000980        0x0 /home/rajeshwar/code/stm32/gcc/bin/../lib/gcc/arm-none-eabi/4.8.4/../../../../arm-none-eabi/lib/armv7e-m/libc.a(lib_a-freer.o)
 .bss           0x0000000020000980        0x0 /home/rajeshwar/code/stm32/gcc/bin/../lib/gcc/arm-none-eabi/4.8.4/../../../../arm-none-eabi/lib/armv7e-m/libc.a(lib_a-fwalk.o)
 .bss           0x0000000020000980        0x0 /home/rajeshwar/code/stm32/gcc/bin/../lib/gcc/arm-none-eabi/4.8.4/../../../../arm-none-eabi/lib/armv7e-m/libc.a(lib_a-makebuf.o)
 .bss           0x0000000020000980        0x0 /home/rajeshwar/code/stm32/gcc/bin/../lib/gcc/arm-none-eabi/4.8.4/../../../../arm-none-eabi/lib/armv7e-m/libc.a(lib_a-reent.o)
 .bss           0x0000000020000980        0x0 /home/rajeshwar/code/stm32/gcc/bin/../lib/gcc/arm-none-eabi/4.8.4/../../../../arm-none-eabi/lib/armv7e-m/libc.a(lib_a-stdio.o)
 .bss           0x0000000020000980        0x0 /home/rajeshwar/code/stm32/gcc/bin/../lib/gcc/arm-none-eabi/4.8.4/../../../../arm-none-eabi/lib/armv7e-m/libc.a(lib_a-writer.o)
 .bss           0x0000000020000980        0x0 /home/rajeshwar/code/stm32/gcc/bin/../lib/gcc/arm-none-eabi/4.8.4/../../../../arm-none-eabi/lib/armv7e-m/libc.a(lib_a-closer.o)
 .bss           0x0000000020000980        0x0 /home/rajeshwar/code/stm32/gcc/bin/../lib/gcc/arm-none-eabi/4.8.4/../../../../arm-none-eabi/lib/armv7e-m/libc.a(lib_a-fclose.o)
 .bss           0x0000000020000980        0x0 /home/rajeshwar/code/stm32/gcc/bin/../lib/gcc/arm-none-eabi/4.8.4/../../../../arm-none-eabi/lib/armv7e-m/libc.a(lib_a-fstatr.o)
 .bss           0x0000000020000980        0x0 /home/rajeshwar/code/stm32/gcc/bin/../lib/gcc/arm-none-eabi/4.8.4/../../../../arm-none-eabi/lib/armv7e-m/libc.a(lib_a-isattyr.o)
 .bss           0x0000000020000980        0x0 /home/rajeshwar/code/stm32/gcc/bin/../lib/gcc/arm-none-eabi/4.8.4/../../../../arm-none-eabi/lib/armv7e-m/libc.a(lib_a-lseekr.o)
 .bss           0x0000000020000980        0x0 /home/rajeshwar/code/stm32/gcc/bin/../lib/gcc/arm-none-eabi/4.8.4/../../../../arm-none-eabi/lib/armv7e-m/libc.a(lib_a-readr.o)
 .bss           0x0000000020000980        0x0 /home/rajeshwar/code/stm32/gcc/bin/../lib/gcc/arm-none-eabi/4.8.4/../../../../arm-none-eabi/lib/armv7e-m/librdimon.a(rdimon-syscalls.o)
 .bss           0x0000000020000980        0x0 /home/rajeshwar/code/stm32/gcc/bin/../lib/gcc/arm-none-eabi/4.8.4/../../../../arm-none-eabi/lib/armv7e-m/librdimon.a(rdimon-_exit.o)
 .bss           0x0000000020000980        0x0 /home/rajeshwar/code/stm32/gcc/bin/../lib/gcc/arm-none-eabi/4.8.4/../../../../arm-none-eabi/lib/armv7e-m/librdimon.a(rdimon-_kill.o)
 .bss           0x0000000020000980        0x0 /home/rajeshwar/code/stm32/gcc/bin/../lib/gcc/arm-none-eabi/4.8.4/../../../../arm-none-eabi/lib/armv7e-m/libc.a(lib_a-errno.o)
 .bss           0x0000000020000980        0x0 /home/rajeshwar/code/stm32/gcc/bin/../lib/gcc/arm-none-eabi/4.8.4/armv7e-m/crtend.o
 .bss           0x0000000020000980        0x0 /home/rajeshwar/code/stm32/gcc/bin/../lib/gcc/arm-none-eabi/4.8.4/armv7e-m/crtn.o
 *(.bss.*)
 .bss.__malloc_max_total_mem
                0x0000000020000980        0x4 /home/rajeshwar/code/stm32/gcc/bin/../lib/gcc/arm-none-eabi/4.8.4/../../../../arm-none-eabi/lib/armv7e-m/libc.a(lib_a-mallocr.o)
                0x0000000020000980                __malloc_max_total_mem
 .bss.__malloc_max_sbrked_mem
                0x0000000020000984        0x4 /home/rajeshwar/code/stm32/gcc/bin/../lib/gcc/arm-none-eabi/4.8.4/../../../../arm-none-eabi/lib/armv7e-m/libc.a(lib_a-mallocr.o)
                0x0000000020000984                __malloc_max_sbrked_mem
 .bss.__malloc_top_pad
                0x0000000020000988        0x4 /home/rajeshwar/code/stm32/gcc/bin/../lib/gcc/arm-none-eabi/4.8.4/../../../../arm-none-eabi/lib/armv7e-m/libc.a(lib_a-mallocr.o)
                0x0000000020000988                __malloc_top_pad
 .bss.__malloc_current_mallinfo
                0x000000002000098c       0x28 /home/rajeshwar/code/stm32/gcc/bin/../lib/gcc/arm-none-eabi/4.8.4/../../../../arm-none-eabi/lib/armv7e-m/libc.a(lib_a-mallocr.o)
                0x000000002000098c                __malloc_current_mallinfo
 .bss.monitor_stdout
                0x00000000200009b4        0x4 /home/rajeshwar/code/stm32/gcc/bin/../lib/gcc/arm-none-eabi/4.8.4/../../../../arm-none-eabi/lib/armv7e-m/librdimon.a(rdimon-syscalls.o)
 .bss.monitor_stdin
                0x00000000200009b8        0x4 /home/rajeshwar/code/stm32/gcc/bin/../lib/gcc/arm-none-eabi/4.8.4/../../../../arm-none-eabi/lib/armv7e-m/librdimon.a(rdimon-syscalls.o)
 .bss.heap_end.5774
                0x00000000200009bc        0x4 /home/rajeshwar/code/stm32/gcc/bin/../lib/gcc/arm-none-eabi/4.8.4/../../../../arm-none-eabi/lib/armv7e-m/librdimon.a(rdimon-syscalls.o)
 .bss.monitor_stderr
                0x00000000200009c0        0x4 /home/rajeshwar/code/stm32/gcc/bin/../lib/gcc/arm-none-eabi/4.8.4/../../../../arm-none-eabi/lib/armv7e-m/librdimon.a(rdimon-syscalls.o)
 .bss.openfiles
                0x00000000200009c4       0xa0 /home/rajeshwar/code/stm32/gcc/bin/../lib/gcc/arm-none-eabi/4.8.4/../../../../arm-none-eabi/lib/armv7e-m/librdimon.a(rdimon-syscalls.o)
 *(COMMON)
 COMMON         0x0000000020000a64        0x4 /home/rajeshwar/code/stm32/gcc/bin/../lib/gcc/arm-none-eabi/4.8.4/../../../../arm-none-eabi/lib/armv7e-m/libc.a(lib_a-reent.o)
                0x0000000020000a64                errno
                0x0000000020000a68                . = ALIGN (0x4)
                0x0000000020000a68                _ebss = .
                0x0000000020000a68                __bss_end__ = _ebss
                0x0000000020000a68                . = ALIGN (0x4)
                0x0000000020000a68                end = .
                0x0000000020000a68                __end__ = .
OUTPUT(final.elf elf32-littlearm)

.ARM.attributes
                0x0000000000000000       0x2a
 .ARM.attributes
                0x0000000000000000       0x1e /home/rajeshwar/code/stm32/gcc/bin/../lib/gcc/arm-none-eabi/4.8.4/armv7e-m/crti.o
 .ARM.attributes
                0x000000000000001e       0x2e /home/rajeshwar/code/stm32/gcc/bin/../lib/gcc/arm-none-eabi/4.8.4/armv7e-m/crtbegin.o
 .ARM.attributes
                0x000000000000004c       0x1c /home/rajeshwar/code/stm32/gcc/bin/../lib/gcc/arm-none-eabi/4.8.4/../../../../arm-none-eabi/lib/armv7e-m/rdimon-crt0.o
 .ARM.attributes
                0x0000000000000068       0x33 main.o
 .ARM.attributes
                0x000000000000009b       0x33 led.o
 .ARM.attributes
                0x00000000000000ce       0x33 stm32_startup.o
 .ARM.attributes
                0x0000000000000101       0x2e /home/rajeshwar/code/stm32/gcc/bin/../lib/gcc/arm-none-eabi/4.8.4/../../../../arm-none-eabi/lib/armv7e-m/libc.a(lib_a-exit.o)
 .ARM.attributes
                0x000000000000012f       0x2e /home/rajeshwar/code/stm32/gcc/bin/../lib/gcc/arm-none-eabi/4.8.4/../../../../arm-none-eabi/lib/armv7e-m/libc.a(lib_a-impure.o)
 .ARM.attributes
                0x000000000000015d       0x2e /home/rajeshwar/code/stm32/gcc/bin/../lib/gcc/arm-none-eabi/4.8.4/../../../../arm-none-eabi/lib/armv7e-m/libc.a(lib_a-init.o)
 .ARM.attributes
                0x000000000000018b       0x2e /home/rajeshwar/code/stm32/gcc/bin/../lib/gcc/arm-none-eabi/4.8.4/../../../../arm-none-eabi/lib/armv7e-m/libc.a(lib_a-memset.o)
 .ARM.attributes
                0x00000000000001b9       0x2e /home/rajeshwar/code/stm32/gcc/bin/../lib/gcc/arm-none-eabi/4.8.4/../../../../arm-none-eabi/lib/armv7e-m/libc.a(lib_a-puts.o)
 .ARM.attributes
                0x00000000000001e7       0x2e /home/rajeshwar/code/stm32/gcc/bin/../lib/gcc/arm-none-eabi/4.8.4/../../../../arm-none-eabi/lib/armv7e-m/libc.a(lib_a-strlen.o)
 .ARM.attributes
                0x0000000000000215       0x2e /home/rajeshwar/code/stm32/gcc/bin/../lib/gcc/arm-none-eabi/4.8.4/../../../../arm-none-eabi/lib/armv7e-m/libc.a(lib_a-__call_atexit.o)
 .ARM.attributes
                0x0000000000000243       0x2e /home/rajeshwar/code/stm32/gcc/bin/../lib/gcc/arm-none-eabi/4.8.4/../../../../arm-none-eabi/lib/armv7e-m/libc.a(lib_a-atexit.o)
 .ARM.attributes
                0x0000000000000271       0x2e /home/rajeshwar/code/stm32/gcc/bin/../lib/gcc/arm-none-eabi/4.8.4/../../../../arm-none-eabi/lib/armv7e-m/libc.a(lib_a-fini.o)
 .ARM.attributes
                0x000000000000029f       0x2e /home/rajeshwar/code/stm32/gcc/bin/../lib/gcc/arm-none-eabi/4.8.4/../../../../arm-none-eabi/lib/armv7e-m/libc.a(lib_a-fvwrite.o)
 .ARM.attributes
                0x00000000000002cd       0x2e /home/rajeshwar/code/stm32/gcc/bin/../lib/gcc/arm-none-eabi/4.8.4/../../../../arm-none-eabi/lib/armv7e-m/libc.a(lib_a-mallocr.o)
 .ARM.attributes
                0x00000000000002fb       0x2e /home/rajeshwar/code/stm32/gcc/bin/../lib/gcc/arm-none-eabi/4.8.4/../../../../arm-none-eabi/lib/armv7e-m/libc.a(lib_a-memchr-stub.o)
 .ARM.attributes
                0x0000000000000329       0x1c /home/rajeshwar/code/stm32/gcc/bin/../lib/gcc/arm-none-eabi/4.8.4/../../../../arm-none-eabi/lib/armv7e-m/libc.a(lib_a-memcpy.o)
 .ARM.attributes
                0x0000000000000345       0x2e /home/rajeshwar/code/stm32/gcc/bin/../lib/gcc/arm-none-eabi/4.8.4/../../../../arm-none-eabi/lib/armv7e-m/libc.a(lib_a-memmove.o)
 .ARM.attributes
                0x0000000000000373       0x2e /home/rajeshwar/code/stm32/gcc/bin/../lib/gcc/arm-none-eabi/4.8.4/../../../../arm-none-eabi/lib/armv7e-m/libc.a(lib_a-mlock.o)
 .ARM.attributes
                0x00000000000003a1       0x2e /home/rajeshwar/code/stm32/gcc/bin/../lib/gcc/arm-none-eabi/4.8.4/../../../../arm-none-eabi/lib/armv7e-m/libc.a(lib_a-reallocr.o)
 .ARM.attributes
                0x00000000000003cf       0x2e /home/rajeshwar/code/stm32/gcc/bin/../lib/gcc/arm-none-eabi/4.8.4/../../../../arm-none-eabi/lib/armv7e-m/libc.a(lib_a-sbrkr.o)
 .ARM.attributes
                0x00000000000003fd       0x2e /home/rajeshwar/code/stm32/gcc/bin/../lib/gcc/arm-none-eabi/4.8.4/../../../../arm-none-eabi/lib/armv7e-m/libc.a(lib_a-wsetup.o)
 .ARM.attributes
                0x000000000000042b       0x2e /home/rajeshwar/code/stm32/gcc/bin/../lib/gcc/arm-none-eabi/4.8.4/../../../../arm-none-eabi/lib/armv7e-m/libc.a(lib_a-__atexit.o)
 .ARM.attributes
                0x0000000000000459       0x2e /home/rajeshwar/code/stm32/gcc/bin/../lib/gcc/arm-none-eabi/4.8.4/../../../../arm-none-eabi/lib/armv7e-m/libc.a(lib_a-fflush.o)
 .ARM.attributes
                0x0000000000000487       0x2e /home/rajeshwar/code/stm32/gcc/bin/../lib/gcc/arm-none-eabi/4.8.4/../../../../arm-none-eabi/lib/armv7e-m/libc.a(lib_a-findfp.o)
 .ARM.attributes
                0x00000000000004b5       0x2e /home/rajeshwar/code/stm32/gcc/bin/../lib/gcc/arm-none-eabi/4.8.4/../../../../arm-none-eabi/lib/armv7e-m/libc.a(lib_a-freer.o)
 .ARM.attributes
                0x00000000000004e3       0x2e /home/rajeshwar/code/stm32/gcc/bin/../lib/gcc/arm-none-eabi/4.8.4/../../../../arm-none-eabi/lib/armv7e-m/libc.a(lib_a-fwalk.o)
 .ARM.attributes
                0x0000000000000511       0x2e /home/rajeshwar/code/stm32/gcc/bin/../lib/gcc/arm-none-eabi/4.8.4/../../../../arm-none-eabi/lib/armv7e-m/libc.a(lib_a-makebuf.o)
 .ARM.attributes
                0x000000000000053f       0x2e /home/rajeshwar/code/stm32/gcc/bin/../lib/gcc/arm-none-eabi/4.8.4/../../../../arm-none-eabi/lib/armv7e-m/libc.a(lib_a-reent.o)
 .ARM.attributes
                0x000000000000056d       0x2e /home/rajeshwar/code/stm32/gcc/bin/../lib/gcc/arm-none-eabi/4.8.4/../../../../arm-none-eabi/lib/armv7e-m/libc.a(lib_a-stdio.o)
 .ARM.attributes
                0x000000000000059b       0x2e /home/rajeshwar/code/stm32/gcc/bin/../lib/gcc/arm-none-eabi/4.8.4/../../../../arm-none-eabi/lib/armv7e-m/libc.a(lib_a-writer.o)
 .ARM.attributes
                0x00000000000005c9       0x2e /home/rajeshwar/code/stm32/gcc/bin/../lib/gcc/arm-none-eabi/4.8.4/../../../../arm-none-eabi/lib/armv7e-m/libc.a(lib_a-closer.o)
 .ARM.attributes
                0x00000000000005f7       0x2e /home/rajeshwar/code/stm32/gcc/bin/../lib/gcc/arm-none-eabi/4.8.4/../../../../arm-none-eabi/lib/armv7e-m/libc.a(lib_a-fclose.o)
 .ARM.attributes
                0x0000000000000625       0x2e /home/rajeshwar/code/stm32/gcc/bin/../lib/gcc/arm-none-eabi/4.8.4/../../../../arm-none-eabi/lib/armv7e-m/libc.a(lib_a-fstatr.o)
 .ARM.attributes
                0x0000000000000653       0x2e /home/rajeshwar/code/stm32/gcc/bin/../lib/gcc/arm-none-eabi/4.8.4/../../../../arm-none-eabi/lib/armv7e-m/libc.a(lib_a-isattyr.o)
 .ARM.attributes
                0x0000000000000681       0x2e /home/rajeshwar/code/stm32/gcc/bin/../lib/gcc/arm-none-eabi/4.8.4/../../../../arm-none-eabi/lib/armv7e-m/libc.a(lib_a-lseekr.o)
 .ARM.attributes
                0x00000000000006af       0x2e /home/rajeshwar/code/stm32/gcc/bin/../lib/gcc/arm-none-eabi/4.8.4/../../../../arm-none-eabi/lib/armv7e-m/libc.a(lib_a-readr.o)
 .ARM.attributes
                0x00000000000006dd       0x2e /home/rajeshwar/code/stm32/gcc/bin/../lib/gcc/arm-none-eabi/4.8.4/../../../../arm-none-eabi/lib/armv7e-m/librdimon.a(rdimon-syscalls.o)
 .ARM.attributes
                0x000000000000070b       0x2e /home/rajeshwar/code/stm32/gcc/bin/../lib/gcc/arm-none-eabi/4.8.4/../../../../arm-none-eabi/lib/armv7e-m/librdimon.a(rdimon-_exit.o)
 .ARM.attributes
                0x0000000000000739       0x2e /home/rajeshwar/code/stm32/gcc/bin/../lib/gcc/arm-none-eabi/4.8.4/../../../../arm-none-eabi/lib/armv7e-m/librdimon.a(rdimon-_kill.o)
 .ARM.attributes
                0x0000000000000767       0x2e /home/rajeshwar/code/stm32/gcc/bin/../lib/gcc/arm-none-eabi/4.8.4/../../../../arm-none-eabi/lib/armv7e-m/libc.a(lib_a-errno.o)
 .ARM.attributes
                0x0000000000000795       0x2e /home/rajeshwar/code/stm32/gcc/bin/../lib/gcc/arm-none-eabi/4.8.4/armv7e-m/crtend.o
 .ARM.attributes
                0x00000000000007c3       0x1e /home/rajeshwar/code/stm32/gcc/bin/../lib/gcc/arm-none-eabi/4.8.4/armv7e-m/crtn.o

.comment        0x0000000000000000       0x70
 .comment       0x0000000000000000       0x70 main.o
                                         0x71 (size before relaxing)
 .comment       0x0000000000000000       0x71 led.o
 .comment       0x0000000000000000       0x71 stm32_startup.o

.debug_frame    0x0000000000000000      0xad4
 .debug_frame   0x0000000000000000       0x28 /home/rajeshwar/code/stm32/gcc/bin/../lib/gcc/arm-none-eabi/4.8.4/../../../../arm-none-eabi/lib/armv7e-m/libc.a(lib_a-exit.o)
 .debug_frame   0x0000000000000028       0x2c /home/rajeshwar/code/stm32/gcc/bin/../lib/gcc/arm-none-eabi/4.8.4/../../../../arm-none-eabi/lib/armv7e-m/libc.a(lib_a-init.o)
 .debug_frame   0x0000000000000054       0x2c /home/rajeshwar/code/stm32/gcc/bin/../lib/gcc/arm-none-eabi/4.8.4/../../../../arm-none-eabi/lib/armv7e-m/libc.a(lib_a-memset.o)
 .debug_frame   0x0000000000000080       0x40 /home/rajeshwar/code/stm32/gcc/bin/../lib/gcc/arm-none-eabi/4.8.4/../../../../arm-none-eabi/lib/armv7e-m/libc.a(lib_a-puts.o)
 .debug_frame   0x00000000000000c0       0x20 /home/rajeshwar/code/stm32/gcc/bin/../lib/gcc/arm-none-eabi/4.8.4/../../../../arm-none-eabi/lib/armv7e-m/libc.a(lib_a-strlen.o)
 .debug_frame   0x00000000000000e0       0x48 /home/rajeshwar/code/stm32/gcc/bin/../lib/gcc/arm-none-eabi/4.8.4/../../../../arm-none-eabi/lib/armv7e-m/libc.a(lib_a-__call_atexit.o)
 .debug_frame   0x0000000000000128       0x20 /home/rajeshwar/code/stm32/gcc/bin/../lib/gcc/arm-none-eabi/4.8.4/../../../../arm-none-eabi/lib/armv7e-m/libc.a(lib_a-atexit.o)
 .debug_frame   0x0000000000000148       0x2c /home/rajeshwar/code/stm32/gcc/bin/../lib/gcc/arm-none-eabi/4.8.4/../../../../arm-none-eabi/lib/armv7e-m/libc.a(lib_a-fini.o)
 .debug_frame   0x0000000000000174       0x38 /home/rajeshwar/code/stm32/gcc/bin/../lib/gcc/arm-none-eabi/4.8.4/../../../../arm-none-eabi/lib/armv7e-m/libc.a(lib_a-fvwrite.o)
 .debug_frame   0x00000000000001ac       0x38 /home/rajeshwar/code/stm32/gcc/bin/../lib/gcc/arm-none-eabi/4.8.4/../../../../arm-none-eabi/lib/armv7e-m/libc.a(lib_a-mallocr.o)
 .debug_frame   0x00000000000001e4       0x2c /home/rajeshwar/code/stm32/gcc/bin/../lib/gcc/arm-none-eabi/4.8.4/../../../../arm-none-eabi/lib/armv7e-m/libc.a(lib_a-memchr-stub.o)
 .debug_frame   0x0000000000000210       0x2c /home/rajeshwar/code/stm32/gcc/bin/../lib/gcc/arm-none-eabi/4.8.4/../../../../arm-none-eabi/lib/armv7e-m/libc.a(lib_a-memmove.o)
 .debug_frame   0x000000000000023c       0x30 /home/rajeshwar/code/stm32/gcc/bin/../lib/gcc/arm-none-eabi/4.8.4/../../../../arm-none-eabi/lib/armv7e-m/libc.a(lib_a-mlock.o)
 .debug_frame   0x000000000000026c       0x38 /home/rajeshwar/code/stm32/gcc/bin/../lib/gcc/arm-none-eabi/4.8.4/../../../../arm-none-eabi/lib/armv7e-m/libc.a(lib_a-reallocr.o)
 .debug_frame   0x00000000000002a4       0x2c /home/rajeshwar/code/stm32/gcc/bin/../lib/gcc/arm-none-eabi/4.8.4/../../../../arm-none-eabi/lib/armv7e-m/libc.a(lib_a-sbrkr.o)
 .debug_frame   0x00000000000002d0       0x2c /home/rajeshwar/code/stm32/gcc/bin/../lib/gcc/arm-none-eabi/4.8.4/../../../../arm-none-eabi/lib/armv7e-m/libc.a(lib_a-wsetup.o)
 .debug_frame   0x00000000000002fc       0x30 /home/rajeshwar/code/stm32/gcc/bin/../lib/gcc/arm-none-eabi/4.8.4/../../../../arm-none-eabi/lib/armv7e-m/libc.a(lib_a-__atexit.o)
 .debug_frame   0x000000000000032c       0x5c /home/rajeshwar/code/stm32/gcc/bin/../lib/gcc/arm-none-eabi/4.8.4/../../../../arm-none-eabi/lib/armv7e-m/libc.a(lib_a-fflush.o)
 .debug_frame   0x0000000000000388      0x110 /home/rajeshwar/code/stm32/gcc/bin/../lib/gcc/arm-none-eabi/4.8.4/../../../../arm-none-eabi/lib/armv7e-m/libc.a(lib_a-findfp.o)
 .debug_frame   0x0000000000000498       0x50 /home/rajeshwar/code/stm32/gcc/bin/../lib/gcc/arm-none-eabi/4.8.4/../../../../arm-none-eabi/lib/armv7e-m/libc.a(lib_a-freer.o)
 .debug_frame   0x00000000000004e8       0x54 /home/rajeshwar/code/stm32/gcc/bin/../lib/gcc/arm-none-eabi/4.8.4/../../../../arm-none-eabi/lib/armv7e-m/libc.a(lib_a-fwalk.o)
 .debug_frame   0x000000000000053c       0x30 /home/rajeshwar/code/stm32/gcc/bin/../lib/gcc/arm-none-eabi/4.8.4/../../../../arm-none-eabi/lib/armv7e-m/libc.a(lib_a-makebuf.o)
 .debug_frame   0x000000000000056c       0x48 /home/rajeshwar/code/stm32/gcc/bin/../lib/gcc/arm-none-eabi/4.8.4/../../../../arm-none-eabi/lib/armv7e-m/libc.a(lib_a-reent.o)
 .debug_frame   0x00000000000005b4       0x80 /home/rajeshwar/code/stm32/gcc/bin/../lib/gcc/arm-none-eabi/4.8.4/../../../../arm-none-eabi/lib/armv7e-m/libc.a(lib_a-stdio.o)
 .debug_frame   0x0000000000000634       0x2c /home/rajeshwar/code/stm32/gcc/bin/../lib/gcc/arm-none-eabi/4.8.4/../../../../arm-none-eabi/lib/armv7e-m/libc.a(lib_a-writer.o)
 .debug_frame   0x0000000000000660       0x2c /home/rajeshwar/code/stm32/gcc/bin/../lib/gcc/arm-none-eabi/4.8.4/../../../../arm-none-eabi/lib/armv7e-m/libc.a(lib_a-closer.o)
 .debug_frame   0x000000000000068c       0x3c /home/rajeshwar/code/stm32/gcc/bin/../lib/gcc/arm-none-eabi/4.8.4/../../../../arm-none-eabi/lib/armv7e-m/libc.a(lib_a-fclose.o)
 .debug_frame   0x00000000000006c8       0x2c /home/rajeshwar/code/stm32/gcc/bin/../lib/gcc/arm-none-eabi/4.8.4/../../../../arm-none-eabi/lib/armv7e-m/libc.a(lib_a-fstatr.o)
 .debug_frame   0x00000000000006f4       0x2c /home/rajeshwar/code/stm32/gcc/bin/../lib/gcc/arm-none-eabi/4.8.4/../../../../arm-none-eabi/lib/armv7e-m/libc.a(lib_a-isattyr.o)
 .debug_frame   0x0000000000000720       0x2c /home/rajeshwar/code/stm32/gcc/bin/../lib/gcc/arm-none-eabi/4.8.4/../../../../arm-none-eabi/lib/armv7e-m/libc.a(lib_a-lseekr.o)
 .debug_frame   0x000000000000074c       0x2c /home/rajeshwar/code/stm32/gcc/bin/../lib/gcc/arm-none-eabi/4.8.4/../../../../arm-none-eabi/lib/armv7e-m/libc.a(lib_a-readr.o)
 .debug_frame   0x0000000000000778      0x2f0 /home/rajeshwar/code/stm32/gcc/bin/../lib/gcc/arm-none-eabi/4.8.4/../../../../arm-none-eabi/lib/armv7e-m/librdimon.a(rdimon-syscalls.o)
 .debug_frame   0x0000000000000a68       0x20 /home/rajeshwar/code/stm32/gcc/bin/../lib/gcc/arm-none-eabi/4.8.4/../../../../arm-none-eabi/lib/armv7e-m/librdimon.a(rdimon-_exit.o)
 .debug_frame   0x0000000000000a88       0x2c /home/rajeshwar/code/stm32/gcc/bin/../lib/gcc/arm-none-eabi/4.8.4/../../../../arm-none-eabi/lib/armv7e-m/librdimon.a(rdimon-_kill.o)
 .debug_frame   0x0000000000000ab4       0x20 /home/rajeshwar/code/stm32/gcc/bin/../lib/gcc/arm-none-eabi/4.8.4/../../../../arm-none-eabi/lib/armv7e-m/libc.a(lib_a-errno.o)
